Archive member included because of file (symbol)

C:\Users\Micha³\AppData\Local\arduino15\packages\arduino\hardware\sam\1.6.9\variants\arduino_due_x/libsam_sam3x8e_gcc_rel.a(pio.o)
                              C:\Users\Micha³\AppData\Local\Temp\VMBuilds\driversL298\arduino_due_x_dbg\Debug\variant\variant.cpp.o (PIO_Configure)
C:\Users\Micha³\AppData\Local\arduino15\packages\arduino\hardware\sam\1.6.9\variants\arduino_due_x/libsam_sam3x8e_gcc_rel.a(pmc.o)
                              C:\Users\Micha³\AppData\Local\Temp\VMBuilds\driversL298\arduino_due_x_dbg\Debug\variant\variant.cpp.o (pmc_enable_periph_clk)
C:\Users\Micha³\AppData\Local\arduino15\packages\arduino\hardware\sam\1.6.9\variants\arduino_due_x/libsam_sam3x8e_gcc_rel.a(system_sam3xa.o)
                              C:\Users\Micha³\AppData\Local\Temp\VMBuilds\driversL298\arduino_due_x_dbg\Debug\variant\variant.cpp.o (SystemInit)
C:\Users\Micha³\AppData\Local\arduino15\packages\arduino\hardware\sam\1.6.9\variants\arduino_due_x/libsam_sam3x8e_gcc_rel.a(startup_sam3xa.o)
                              (Reset_Handler)
C:\Users\Micha³\AppData\Local\arduino15\packages\arduino\hardware\sam\1.6.9\variants\arduino_due_x/libsam_sam3x8e_gcc_rel.a(adc.o)
                              C:\Users\Micha³\AppData\Local\Temp\VMBuilds\driversL298\arduino_due_x_dbg\Debug\variant\variant.cpp.o (adc_init)
C:\Users\Micha³\AppData\Local\arduino15\packages\arduino\hardware\sam\1.6.9\variants\arduino_due_x/libsam_sam3x8e_gcc_rel.a(uotghs.o)
                              C:\Users\Micha³\AppData\Local\arduino15\packages\arduino\hardware\sam\1.6.9\variants\arduino_due_x/libsam_sam3x8e_gcc_rel.a(startup_sam3xa.o) (UOTGHS_Handler)
C:\Users\Micha³\AppData\Local\Temp\VMBuilds\driversL298\arduino_due_x_dbg\Debug/core.a(cortex_handlers.c.o)
                              C:\Users\Micha³\AppData\Local\arduino15\packages\arduino\hardware\sam\1.6.9\variants\arduino_due_x/libsam_sam3x8e_gcc_rel.a(startup_sam3xa.o) (NMI_Handler)
C:\Users\Micha³\AppData\Local\Temp\VMBuilds\driversL298\arduino_due_x_dbg\Debug/core.a(hooks.c.o)
                              C:\Users\Micha³\AppData\Local\Temp\VMBuilds\driversL298\arduino_due_x_dbg\Debug/core.a(cortex_handlers.c.o) (sysTickHook)
C:\Users\Micha³\AppData\Local\Temp\VMBuilds\driversL298\arduino_due_x_dbg\Debug/core.a(syscalls_sam3.c.o)
                              (_sbrk)
C:\Users\Micha³\AppData\Local\Temp\VMBuilds\driversL298\arduino_due_x_dbg\Debug/core.a(WInterrupts.c.o)
                              C:\Users\Micha³\AppData\Local\Temp\VMBuilds\driversL298\arduino_due_x_dbg\Debug\driversL298.cpp.o (attachInterrupt)
C:\Users\Micha³\AppData\Local\Temp\VMBuilds\driversL298\arduino_due_x_dbg\Debug/core.a(wiring.c.o)
                              C:\Users\Micha³\AppData\Local\Temp\VMBuilds\driversL298\arduino_due_x_dbg\Debug\driversL298.cpp.o (millis)
C:\Users\Micha³\AppData\Local\Temp\VMBuilds\driversL298\arduino_due_x_dbg\Debug/core.a(wiring_analog.c.o)
                              C:\Users\Micha³\AppData\Local\Temp\VMBuilds\driversL298\arduino_due_x_dbg\Debug\variant\variant.cpp.o (analogOutputInit)
C:\Users\Micha³\AppData\Local\Temp\VMBuilds\driversL298\arduino_due_x_dbg\Debug/core.a(wiring_digital.c.o)
                              C:\Users\Micha³\AppData\Local\Temp\VMBuilds\driversL298\arduino_due_x_dbg\Debug\driversL298.cpp.o (pinMode)
C:\Users\Micha³\AppData\Local\Temp\VMBuilds\driversL298\arduino_due_x_dbg\Debug/core.a(main.cpp.o)
                              c:/users/micha³/appdata/local/arduino15/packages/arduino/tools/arm-none-eabi-gcc/4.8.3-2014q1/bin/../lib/gcc/arm-none-eabi/4.8.3/../../../../arm-none-eabi/lib/armv7-m/crt0.o (main)
C:\Users\Micha³\AppData\Local\Temp\VMBuilds\driversL298\arduino_due_x_dbg\Debug/core.a(Reset.cpp.o)
                              C:\Users\Micha³\AppData\Local\Temp\VMBuilds\driversL298\arduino_due_x_dbg\Debug/core.a(cortex_handlers.c.o) (tickReset)
C:\Users\Micha³\AppData\Local\Temp\VMBuilds\driversL298\arduino_due_x_dbg\Debug/core.a(RingBuffer.cpp.o)
                              C:\Users\Micha³\AppData\Local\Temp\VMBuilds\driversL298\arduino_due_x_dbg\Debug\variant\variant.cpp.o (RingBuffer::RingBuffer())
C:\Users\Micha³\AppData\Local\Temp\VMBuilds\driversL298\arduino_due_x_dbg\Debug/core.a(UARTClass.cpp.o)
                              C:\Users\Micha³\AppData\Local\Temp\VMBuilds\driversL298\arduino_due_x_dbg\Debug\variant\variant.cpp.o (UARTClass::available())
C:\Users\Micha³\AppData\Local\Temp\VMBuilds\driversL298\arduino_due_x_dbg\Debug/core.a(USARTClass.cpp.o)
                              C:\Users\Micha³\AppData\Local\Temp\VMBuilds\driversL298\arduino_due_x_dbg\Debug\variant\variant.cpp.o (USARTClass::USARTClass(Usart*, IRQn, unsigned long, RingBuffer*, RingBuffer*))
C:\Users\Micha³\AppData\Local\Temp\VMBuilds\driversL298\arduino_due_x_dbg\Debug/core.a(watchdog.cpp.o)
[...]
Memory Configuration

Name             Origin             Length             Attributes
rom              0x00080000         0x00080000         xr
sram0            0x20000000         0x00010000         xrw
sram1            0x20080000         0x00008000         xrw
ram              0x20070000         0x00018000         xrw
*default*        0x00000000         0xffffffff

Linker script and memory map

LOAD c:/users/micha³/appdata/local/arduino15/packages/arduino/tools/arm-none-eabi-gcc/4.8.3-2014q1/bin/../lib/gcc/arm-none-eabi/4.8.3/armv7-m/crti.o
LOAD c:/users/micha³/appdata/local/arduino15/packages/arduino/tools/arm-none-eabi-gcc/4.8.3-2014q1/bin/../lib/gcc/arm-none-eabi/4.8.3/armv7-m/crtbegin.o
LOAD c:/users/micha³/appdata/local/arduino15/packages/arduino/tools/arm-none-eabi-gcc/4.8.3-2014q1/bin/../lib/gcc/arm-none-eabi/4.8.3/../../../../arm-none-eabi/lib/armv7-m/crt0.o
START GROUP
LOAD C:\Users\Micha³\AppData\Local\Temp\VMBuilds\driversL298\arduino_due_x_dbg\Debug\driversL298.cpp.o
LOAD C:\Users\Micha³\AppData\Local\Temp\VMBuilds\driversL298\arduino_due_x_dbg\Debug\sources\config.cpp.o
LOAD C:\Users\Micha³\AppData\Local\Temp\VMBuilds\driversL298\arduino_due_x_dbg\Debug\sources\driver.cpp.o
LOAD C:\Users\Micha³\AppData\Local\Temp\VMBuilds\driversL298\arduino_due_x_dbg\Debug\sources\encoder.cpp.o
LOAD C:\Users\Micha³\AppData\Local\Temp\VMBuilds\driversL298\arduino_due_x_dbg\Debug\sources\fuzzyDriver.cpp.o
LOAD C:\Users\Micha³\AppData\Local\Temp\VMBuilds\driversL298\arduino_due_x_dbg\Debug\sources\pid.cpp.o
LOAD C:\Users\Micha³\AppData\Local\Temp\VMBuilds\driversL298\arduino_due_x_dbg\Debug\sources\pidDriver.cpp.o
LOAD C:\Users\Micha³\AppData\Local\Temp\VMBuilds\driversL298\arduino_due_x_dbg\Debug\sources\TimersMillis.cpp.o
LOAD C:\Users\Micha³\AppData\Local\Temp\VMBuilds\driversL298\arduino_due_x_dbg\Debug\variant\variant.cpp.o
LOAD C:\Users\Micha³\AppData\Local\arduino15\packages\arduino\hardware\sam\1.6.9\variants\arduino_due_x/libsam_sam3x8e_gcc_rel.a
LOAD C:\Users\Micha³\AppData\Local\Temp\VMBuilds\driversL298\arduino_due_x_dbg\Debug/core.a
END GROUP
LOAD c:/users/micha³/appdata/local/arduino15/packages/arduino/tools/arm-none-eabi-gcc/4.8.3-2014q1/bin/../lib/gcc/arm-none-eabi/4.8.3/../../../../arm-none-eabi/lib/armv7-m\libm.a
START GROUP
LOAD c:/users/micha³/appdata/local/arduino15/packages/arduino/tools/arm-none-eabi-gcc/4.8.3-2014q1/bin/../lib/gcc/arm-none-eabi/4.8.3/armv7-m\libgcc.a
LOAD c:/users/micha³/appdata/local/arduino15/packages/arduino/tools/arm-none-eabi-gcc/4.8.3-2014q1/bin/../lib/gcc/arm-none-eabi/4.8.3/../../../../arm-none-eabi/lib/armv7-m\libg.a
LOAD c:/users/micha³/appdata/local/arduino15/packages/arduino/tools/arm-none-eabi-gcc/4.8.3-2014q1/bin/../lib/gcc/arm-none-eabi/4.8.3/../../../../arm-none-eabi/lib/armv7-m\libc.a
END GROUP
LOAD c:/users/micha³/appdata/local/arduino15/packages/arduino/tools/arm-none-eabi-gcc/4.8.3-2014q1/bin/../lib/gcc/arm-none-eabi/4.8.3/armv7-m/crtend.o
LOAD c:/users/micha³/appdata/local/arduino15/packages/arduino/tools/arm-none-eabi-gcc/4.8.3-2014q1/bin/../lib/gcc/arm-none-eabi/4.8.3/armv7-m/crtn.o

.text           0x00080000     0x70dc
                0x00080000                . = ALIGN (0x4)
                0x00080000                _sfixed = .
 *(.vectors .vectors.*)
 .vectors       0x00080000       0xf4 C:\Users\Micha³\AppData\Local\arduino15\packages\arduino\hardware\sam\1.6.9\variants\arduino_due_x/libsam_sam3x8e_gcc_rel.a(startup_sam3xa.o)
                0x00080000                exception_table
 *(.text .text.* .gnu.linkonce.t.*)
 .text          0x000800f4       0x54 c:/users/micha³/appdata/local/arduino15/packages/arduino/tools/arm-none-eabi-gcc/4.8.3-2014q1/bin/../lib/gcc/arm-none-eabi/4.8.3/armv7-m/crtbegin.o
 .text.loop     0x00080148       0x48 C:\Users\Micha³\AppData\Local\Temp\VMBuilds\driversL298\arduino_due_x_dbg\Debug\driversL298.cpp.o
                0x00080148                loop
 .text.startup._GLOBAL__sub_I_previousMillis
                0x00080190       0x10 C:\Users\Micha³\AppData\Local\Temp\VMBuilds\driversL298\arduino_due_x_dbg\Debug\driversL298.cpp.o
 .text.setup    0x000801a0       0x5c C:\Users\Micha³\AppData\Local\Temp\VMBuilds\driversL298\arduino_due_x_dbg\Debug\driversL298.cpp.o
                0x000801a0                setup
 .text._ZN11DriverClass4initEv
                0x000801fc       0x1e C:\Users\Micha³\AppData\Local\Temp\VMBuilds\driversL298\arduino_due_x_dbg\Debug\sources\driver.cpp.o
                0x000801fc                DriverClass::init()
 .text._ZN11DriverClass11moveForwardEi
                0x0008021a       0x1c C:\Users\Micha³\AppData\Local\Temp\VMBuilds\driversL298\arduino_due_x_dbg\Debug\sources\driver.cpp.o
                0x0008021a                DriverClass::moveForward(int)
 .text._ZN11DriverClass12moveBackwardEi
                0x00080236       0x1c C:\Users\Micha³\AppData\Local\Temp\VMBuilds\driversL298\arduino_due_x_dbg\Debug\sources\driver.cpp.o
                0x00080236                DriverClass::moveBackward(int)
 .text._ZN11DriverClass8moveStopEi
                0x00080252       0x1c C:\Users\Micha³\AppData\Local\Temp\VMBuilds\driversL298\arduino_due_x_dbg\Debug\sources\driver.cpp.o
                0x00080252                DriverClass::moveStop(int)
 .text._ZN11DriverClass12moveSoftStopEv
                0x0008026e       0x1e C:\Users\Micha³\AppData\Local\Temp\VMBuilds\driversL298\arduino_due_x_dbg\Debug\sources\driver.cpp.o
                0x0008026e                DriverClass::moveSoftStop()
 .text._ZN12EncoderClass4initEv
                0x0008028c       0x16 C:\Users\Micha³\AppData\Local\Temp\VMBuilds\driversL298\arduino_due_x_dbg\Debug\sources\encoder.cpp.o
                0x0008028c                EncoderClass::init()
 *fill*         0x000802a2        0x2 
 .text._ZN12EncoderClass8doEncodeEv
                0x000802a4       0x28 C:\Users\Micha³\AppData\Local\Temp\VMBuilds\driversL298\arduino_due_x_dbg\Debug\sources\encoder.cpp.o
                0x000802a4                EncoderClass::doEncode()
 .text._ZN16FuzzyDriverClass19fuzzyCheckForStatusEv
                0x000802cc       0x50 C:\Users\Micha³\AppData\Local\Temp\VMBuilds\driversL298\arduino_due_x_dbg\Debug\sources\fuzzyDriver.cpp.o
                0x000802cc                FuzzyDriverClass::fuzzyCheckForStatus()
 .text._ZN16FuzzyDriverClass19fuzzyDetermineSpeedEv
                0x0008031c       0x5e C:\Users\Micha³\AppData\Local\Temp\VMBuilds\driversL298\arduino_due_x_dbg\Debug\sources\fuzzyDriver.cpp.o
                0x0008031c                FuzzyDriverClass::fuzzyDetermineSpeed()
 *fill*         0x0008037a        0x2 
 .text._ZN16FuzzyDriverClass18fuzzyResolveStatusEv
                0x0008037c       0x50 C:\Users\Micha³\AppData\Local\Temp\VMBuilds\driversL298\arduino_due_x_dbg\Debug\sources\fuzzyDriver.cpp.o
                0x0008037c                FuzzyDriverClass::fuzzyResolveStatus()
 .text.startup._GLOBAL__sub_I__ZN16FuzzyDriverClass19fuzzyCheckForStatusEv
                0x000803cc       0x14 C:\Users\Micha³\AppData\Local\Temp\VMBuilds\driversL298\arduino_due_x_dbg\Debug\sources\fuzzyDriver.cpp.o
 .text._ZN8PidClass9UpdatePIDEdd
                0x000803e0       0xe0 C:\Users\Micha³\AppData\Local\Temp\VMBuilds\driversL298\arduino_due_x_dbg\Debug\sources\pid.cpp.o
                0x000803e0                PidClass::UpdatePID(double, double)
 .text.startup._GLOBAL__sub_I__ZN8PidClass9UpdatePIDEdd
                0x000804c0       0x48 C:\Users\Micha³\AppData\Local\Temp\VMBuilds\driversL298\arduino_due_x_dbg\Debug\sources\pid.cpp.o
 .text._ZN14pidDriverClass14checkForStatusEv
                0x00080508       0x60 C:\Users\Micha³\AppData\Local\Temp\VMBuilds\driversL298\arduino_due_x_dbg\Debug\sources\pidDriver.cpp.o
                0x00080508                pidDriverClass::checkForStatus()
 .text._ZN14pidDriverClass13resolveStatusEv
                0x00080568      0x104 C:\Users\Micha³\AppData\Local\Temp\VMBuilds\driversL298\arduino_due_x_dbg\Debug\sources\pidDriver.cpp.o
                0x00080568                pidDriverClass::resolveStatus()
 .text.startup._GLOBAL__sub_I__ZN14pidDriverClass14checkForStatusEv
                0x0008066c       0x18 C:\Users\Micha³\AppData\Local\Temp\VMBuilds\driversL298\arduino_due_x_dbg\Debug\sources\pidDriver.cpp.o
 .text._ZN5Timer7restartEv
                0x00080684        0xc C:\Users\Micha³\AppData\Local\Temp\VMBuilds\driversL298\arduino_due_x_dbg\Debug\sources\TimersMillis.cpp.o
                0x00080684                Timer::restart()
 .text._ZN5Timer5beginEm
                0x00080690        0x6 C:\Users\Micha³\AppData\Local\Temp\VMBuilds\driversL298\arduino_due_x_dbg\Debug\sources\TimersMillis.cpp.o
                0x00080690                Timer::begin(unsigned long)
 .text._ZN5Timer9availableEv
                0x00080696       0x1c C:\Users\Micha³\AppData\Local\Temp\VMBuilds\driversL298\arduino_due_x_dbg\Debug\sources\TimersMillis.cpp.o
                0x00080696                Timer::available()
 .text._Z11serialEventv
                0x000806b2        0x2 C:\Users\Micha³\AppData\Local\Temp\VMBuilds\driversL298\arduino_due_x_dbg\Debug\variant\variant.cpp.o
                0x000806b2                serialEvent()
 .text.UART_Handler
                0x000806b4        0xc C:\Users\Micha³\AppData\Local\Temp\VMBuilds\driversL298\arduino_due_x_dbg\Debug\variant\variant.cpp.o
                0x000806b4                UART_Handler
 .text._Z12serialEvent1v
                0x000806c0        0x2 C:\Users\Micha³\AppData\Local\Temp\VMBuilds\driversL298\arduino_due_x_dbg\Debug\variant\variant.cpp.o
                0x000806c0                serialEvent1()
 .text._Z12serialEvent2v
                0x000806c2        0x2 C:\Users\Micha³\AppData\Local\Temp\VMBuilds\driversL298\arduino_due_x_dbg\Debug\variant\variant.cpp.o
                0x000806c2                serialEvent2()
 .text._Z12serialEvent3v
                0x000806c4        0x2 C:\Users\Micha³\AppData\Local\Temp\VMBuilds\driversL298\arduino_due_x_dbg\Debug\variant\variant.cpp.o
                0x000806c4                serialEvent3()
 *fill*         0x000806c6        0x2 
 .text.USART0_Handler
                0x000806c8        0xc C:\Users\Micha³\AppData\Local\Temp\VMBuilds\driversL298\arduino_due_x_dbg\Debug\variant\variant.cpp.o
                0x000806c8                USART0_Handler
 .text.USART1_Handler
                0x000806d4        0xc C:\Users\Micha³\AppData\Local\Temp\VMBuilds\driversL298\arduino_due_x_dbg\Debug\variant\variant.cpp.o
                0x000806d4                USART1_Handler
 .text.USART3_Handler
                0x000806e0        0xc C:\Users\Micha³\AppData\Local\Temp\VMBuilds\driversL298\arduino_due_x_dbg\Debug\variant\variant.cpp.o
                0x000806e0                USART3_Handler
 .text.init     0x000806ec      0x128 C:\Users\Micha³\AppData\Local\Temp\VMBuilds\driversL298\arduino_due_x_dbg\Debug\variant\variant.cpp.o
                0x000806ec                init
 .text.startup._GLOBAL__sub_I_g_APinDescription
                0x00080814       0xd4 C:\Users\Micha³\AppData\Local\Temp\VMBuilds\driversL298\arduino_due_x_dbg\Debug\variant\variant.cpp.o
 .text._Z14serialEventRunv
                0x000808e8       0x44 C:\Users\Micha³\AppData\Local\Temp\VMBuilds\driversL298\arduino_due_x_dbg\Debug\variant\variant.cpp.o
                0x000808e8                serialEventRun()
 .text.PIO_PullUp
                0x0008092c        0xa C:\Users\Micha³\AppData\Local\arduino15\packages\arduino\hardware\sam\1.6.9\variants\arduino_due_x/libsam_sam3x8e_gcc_rel.a(pio.o)
                0x0008092c                PIO_PullUp
 .text.PIO_Get  0x00080936       0x14 C:\Users\Micha³\AppData\Local\arduino15\packages\arduino\hardware\sam\1.6.9\variants\arduino_due_x/libsam_sam3x8e_gcc_rel.a(pio.o)
                0x00080936                PIO_Get
 .text.PIO_SetPeripheral
                0x0008094a       0x26 C:\Users\Micha³\AppData\Local\arduino15\packages\arduino\hardware\sam\1.6.9\variants\arduino_due_x/libsam_sam3x8e_gcc_rel.a(pio.o)
                0x0008094a                PIO_SetPeripheral
 .text.PIO_SetInput
                0x00080970       0x26 C:\Users\Micha³\AppData\Local\arduino15\packages\arduino\hardware\sam\1.6.9\variants\arduino_due_x/libsam_sam3x8e_gcc_rel.a(pio.o)
                0x00080970                PIO_SetInput
 .text.PIO_SetOutput
                0x00080996       0x24 C:\Users\Micha³\AppData\Local\arduino15\packages\arduino\hardware\sam\1.6.9\variants\arduino_due_x/libsam_sam3x8e_gcc_rel.a(pio.o)
                0x00080996                PIO_SetOutput
 *fill*         0x000809ba        0x2 
 .text.PIO_Configure
                0x000809bc       0x64 C:\Users\Micha³\AppData\Local\arduino15\packages\arduino\hardware\sam\1.6.9\variants\arduino_due_x/libsam_sam3x8e_gcc_rel.a(pio.o)
                0x000809bc                PIO_Configure
 .text.PIO_GetOutputDataStatus
                0x00080a20       0x14 C:\Users\Micha³\AppData\Local\arduino15\packages\arduino\hardware\sam\1.6.9\variants\arduino_due_x/libsam_sam3x8e_gcc_rel.a(pio.o)
                0x00080a20                PIO_GetOutputDataStatus
 .text.pmc_enable_upll_clock
                0x00080a34       0x14 C:\Users\Micha³\AppData\Local\arduino15\packages\arduino\hardware\sam\1.6.9\variants\arduino_due_x/libsam_sam3x8e_gcc_rel.a(pmc.o)
                0x00080a34                pmc_enable_upll_clock
 .text.pmc_enable_periph_clk
                0x00080a48       0x44 C:\Users\Micha³\AppData\Local\arduino15\packages\arduino\hardware\sam\1.6.9\variants\arduino_due_x/libsam_sam3x8e_gcc_rel.a(pmc.o)
                0x00080a48                pmc_enable_periph_clk
 .text.pmc_disable_periph_clk
                0x00080a8c       0x40 C:\Users\Micha³\AppData\Local\arduino15\packages\arduino\hardware\sam\1.6.9\variants\arduino_due_x/libsam_sam3x8e_gcc_rel.a(pmc.o)
                0x00080a8c                pmc_disable_periph_clk
 .text.pmc_switch_udpck_to_upllck
                0x00080acc       0x14 C:\Users\Micha³\AppData\Local\arduino15\packages\arduino\hardware\sam\1.6.9\variants\arduino_due_x/libsam_sam3x8e_gcc_rel.a(pmc.o)
                0x00080acc                pmc_switch_udpck_to_upllck
 .text.pmc_enable_udpck
                0x00080ae0        0xc C:\Users\Micha³\AppData\Local\arduino15\packages\arduino\hardware\sam\1.6.9\variants\arduino_due_x/libsam_sam3x8e_gcc_rel.a(pmc.o)
                0x00080ae0                pmc_enable_udpck
 .text.SystemInit
                0x00080aec       0x88 C:\Users\Micha³\AppData\Local\arduino15\packages\arduino\hardware\sam\1.6.9\variants\arduino_due_x/libsam_sam3x8e_gcc_rel.a(system_sam3xa.o)
                0x00080aec                SystemInit
 .text.Reset_Handler
                0x00080b74       0x78 C:\Users\Micha³\AppData\Local\arduino15\packages\arduino\hardware\sam\1.6.9\variants\arduino_due_x/libsam_sam3x8e_gcc_rel.a(startup_sam3xa.o)
                0x00080b74                Reset_Handler
 .text.adc_init
                0x00080bec       0x98 C:\Users\Micha³\AppData\Local\arduino15\packages\arduino\hardware\sam\1.6.9\variants\arduino_due_x/libsam_sam3x8e_gcc_rel.a(adc.o)
                0x00080bec                adc_init
 .text.adc_configure_trigger
                0x00080c84        0xe C:\Users\Micha³\AppData\Local\arduino15\packages\arduino\hardware\sam\1.6.9\variants\arduino_due_x/libsam_sam3x8e_gcc_rel.a(adc.o)
                0x00080c84                adc_configure_trigger
 .text.adc_configure_timing
                0x00080c92       0x1a C:\Users\Micha³\AppData\Local\arduino15\packages\arduino\hardware\sam\1.6.9\variants\arduino_due_x/libsam_sam3x8e_gcc_rel.a(adc.o)
                0x00080c92                adc_configure_timing
 .text.adc_disable_channel
                0x00080cac        0xa C:\Users\Micha³\AppData\Local\arduino15\packages\arduino\hardware\sam\1.6.9\variants\arduino_due_x/libsam_sam3x8e_gcc_rel.a(adc.o)
                0x00080cac                adc_disable_channel
 .text.adc_disable_all_channel
                0x00080cb6        0x8 C:\Users\Micha³\AppData\Local\arduino15\packages\arduino\hardware\sam\1.6.9\variants\arduino_due_x/libsam_sam3x8e_gcc_rel.a(adc.o)
                0x00080cb6                adc_disable_all_channel
 .text.adc_disable_interrupt
                0x00080cbe        0x4 C:\Users\Micha³\AppData\Local\arduino15\packages\arduino\hardware\sam\1.6.9\variants\arduino_due_x/libsam_sam3x8e_gcc_rel.a(adc.o)
                0x00080cbe                adc_disable_interrupt
 *fill*         0x00080cc2        0x2 
 .text.UOTGHS_Handler
                0x00080cc4       0x10 C:\Users\Micha³\AppData\Local\arduino15\packages\arduino\hardware\sam\1.6.9\variants\arduino_due_x/libsam_sam3x8e_gcc_rel.a(uotghs.o)
                0x00080cc4                UOTGHS_Handler
 .text.__halt   0x00080cd4        0x2 C:\Users\Micha³\AppData\Local\Temp\VMBuilds\driversL298\arduino_due_x_dbg\Debug/core.a(cortex_handlers.c.o)
                0x00080cd4                DACC_Handler
                0x00080cd4                DebugMon_Handler
                0x00080cd4                DMAC_Handler
                0x00080cd4                TRNG_Handler
                0x00080cd4                HardFault_Handler
                0x00080cd4                TC2_Handler
                0x00080cd4                TWI1_Handler
                0x00080cd4                NMI_Handler
                0x00080cd4                TC7_Handler
                0x00080cd4                ADC_Handler
                0x00080cd4                SMC_Handler
                0x00080cd4                RTT_Handler
                0x00080cd4                EFC1_Handler
                0x00080cd4                RTC_Handler
                0x00080cd4                UsageFault_Handler
                0x00080cd4                TC6_Handler
                0x00080cd4                WDT_Handler
                0x00080cd4                CAN0_Handler
                0x00080cd4                TC4_Handler
                0x00080cd4                TC1_Handler
                0x00080cd4                HSMCI_Handler
                0x00080cd4                TC3_Handler
                0x00080cd4                TWI0_Handler
                0x00080cd4                SSC_Handler
                0x00080cd4                EFC0_Handler
                0x00080cd4                PMC_Handler
                0x00080cd4                PWM_Handler
                0x00080cd4                CAN1_Handler
                0x00080cd4                MemManage_Handler
                0x00080cd4                SUPC_Handler
                0x00080cd4                TC8_Handler
                0x00080cd4                USART2_Handler
                0x00080cd4                EMAC_Handler
                0x00080cd4                BusFault_Handler
                0x00080cd4                RSTC_Handler
                0x00080cd4                TC0_Handler
                0x00080cd4                TC5_Handler
                0x00080cd4                SPI0_Handler
 .text.SVC_Handler
                0x00080cd6        0x4 C:\Users\Micha³\AppData\Local\Temp\VMBuilds\driversL298\arduino_due_x_dbg\Debug/core.a(cortex_handlers.c.o)
                0x00080cd6                SVC_Handler
 .text.PendSV_Handler
                0x00080cda        0x4 C:\Users\Micha³\AppData\Local\Temp\VMBuilds\driversL298\arduino_due_x_dbg\Debug/core.a(cortex_handlers.c.o)
                0x00080cda                PendSV_Handler
 .text.SysTick_Handler
                0x00080cde       0x16 C:\Users\Micha³\AppData\Local\Temp\VMBuilds\driversL298\arduino_due_x_dbg\Debug/core.a(cortex_handlers.c.o)
                0x00080cde                SysTick_Handler
 .text.__empty  0x00080cf4        0x2 C:\Users\Micha³\AppData\Local\Temp\VMBuilds\driversL298\arduino_due_x_dbg\Debug/core.a(hooks.c.o)
                0x00080cf4                yield
 .text.__false  0x00080cf6        0x4 C:\Users\Micha³\AppData\Local\Temp\VMBuilds\driversL298\arduino_due_x_dbg\Debug/core.a(hooks.c.o)
                0x00080cf6                sysTickHook
 .text.__halt   0x00080cfa        0x2 C:\Users\Micha³\AppData\Local\Temp\VMBuilds\driversL298\arduino_due_x_dbg\Debug/core.a(hooks.c.o)
                0x00080cfa                svcHook
                0x00080cfa                pendSVHook
 .text._sbrk    0x00080cfc       0x1c C:\Users\Micha³\AppData\Local\Temp\VMBuilds\driversL298\arduino_due_x_dbg\Debug/core.a(syscalls_sam3.c.o)
                0x00080cfc                _sbrk
 .text.link     0x00080d18        0x6 C:\Users\Micha³\AppData\Local\Temp\VMBuilds\driversL298\arduino_due_x_dbg\Debug/core.a(syscalls_sam3.c.o)
                0x00080d18                link
 .text._close   0x00080d1e        0x6 C:\Users\Micha³\AppData\Local\Temp\VMBuilds\driversL298\arduino_due_x_dbg\Debug/core.a(syscalls_sam3.c.o)
                0x00080d1e                _close
 .text._fstat   0x00080d24        0xa C:\Users\Micha³\AppData\Local\Temp\VMBuilds\driversL298\arduino_due_x_dbg\Debug/core.a(syscalls_sam3.c.o)
                0x00080d24                _fstat
 .text._isatty  0x00080d2e        0x4 C:\Users\Micha³\AppData\Local\Temp\VMBuilds\driversL298\arduino_due_x_dbg\Debug/core.a(syscalls_sam3.c.o)
                0x00080d2e                _isatty
 .text._lseek   0x00080d32        0x4 C:\Users\Micha³\AppData\Local\Temp\VMBuilds\driversL298\arduino_due_x_dbg\Debug/core.a(syscalls_sam3.c.o)
                0x00080d32                _lseek
 .text._read    0x00080d36        0x4 C:\Users\Micha³\AppData\Local\Temp\VMBuilds\driversL298\arduino_due_x_dbg\Debug/core.a(syscalls_sam3.c.o)
                0x00080d36                _read
 *fill*         0x00080d3a        0x2 
 .text._write   0x00080d3c       0x24 C:\Users\Micha³\AppData\Local\Temp\VMBuilds\driversL298\arduino_due_x_dbg\Debug/core.a(syscalls_sam3.c.o)
                0x00080d3c                _write
 .text._exit    0x00080d60       0x10 C:\Users\Micha³\AppData\Local\Temp\VMBuilds\driversL298\arduino_due_x_dbg\Debug/core.a(syscalls_sam3.c.o)
                0x00080d60                _exit
 .text._kill    0x00080d70        0x2 C:\Users\Micha³\AppData\Local\Temp\VMBuilds\driversL298\arduino_due_x_dbg\Debug/core.a(syscalls_sam3.c.o)
                0x00080d70                _kill
 .text._getpid  0x00080d72        0x6 C:\Users\Micha³\AppData\Local\Temp\VMBuilds\driversL298\arduino_due_x_dbg\Debug/core.a(syscalls_sam3.c.o)
                0x00080d72                _getpid
 .text.attachInterrupt
                0x00080d78      0x148 C:\Users\Micha³\AppData\Local\Temp\VMBuilds\driversL298\arduino_due_x_dbg\Debug/core.a(WInterrupts.c.o)
                0x00080d78                attachInterrupt
 .text.PIOA_Handler
                0x00080ec0       0x38 C:\Users\Micha³\AppData\Local\Temp\VMBuilds\driversL298\arduino_due_x_dbg\Debug/core.a(WInterrupts.c.o)
                0x00080ec0                PIOA_Handler
 .text.PIOB_Handler
                0x00080ef8       0x38 C:\Users\Micha³\AppData\Local\Temp\VMBuilds\driversL298\arduino_due_x_dbg\Debug/core.a(WInterrupts.c.o)
                0x00080ef8                PIOB_Handler
 .text.PIOC_Handler
                0x00080f30       0x38 C:\Users\Micha³\AppData\Local\Temp\VMBuilds\driversL298\arduino_due_x_dbg\Debug/core.a(WInterrupts.c.o)
                0x00080f30                PIOC_Handler
 .text.PIOD_Handler
                0x00080f68       0x38 C:\Users\Micha³\AppData\Local\Temp\VMBuilds\driversL298\arduino_due_x_dbg\Debug/core.a(WInterrupts.c.o)
                0x00080f68                PIOD_Handler
 .text.millis   0x00080fa0        0x4 C:\Users\Micha³\AppData\Local\Temp\VMBuilds\driversL298\arduino_due_x_dbg\Debug/core.a(wiring.c.o)
                0x00080fa0                millis
 .text.delay    0x00080fa4       0x1c C:\Users\Micha³\AppData\Local\Temp\VMBuilds\driversL298\arduino_due_x_dbg\Debug/core.a(wiring.c.o)
                0x00080fa4                delay
 .text.mapResolution
                0x00080fc0       0x12 C:\Users\Micha³\AppData\Local\Temp\VMBuilds\driversL298\arduino_due_x_dbg\Debug/core.a(wiring_analog.c.o)
 .text.analogOutputInit
                0x00080fd2        0x2 C:\Users\Micha³\AppData\Local\Temp\VMBuilds\driversL298\arduino_due_x_dbg\Debug/core.a(wiring_analog.c.o)
                0x00080fd2                analogOutputInit
 .text.analogWrite
                0x00080fd4      0x2c0 C:\Users\Micha³\AppData\Local\Temp\VMBuilds\driversL298\arduino_due_x_dbg\Debug/core.a(wiring_analog.c.o)
                0x00080fd4                analogWrite
 .text.pinMode  0x00081294      0x108 C:\Users\Micha³\AppData\Local\Temp\VMBuilds\driversL298\arduino_due_x_dbg\Debug/core.a(wiring_digital.c.o)
                0x00081294                pinMode
 .text.digitalWrite
                0x0008139c       0x70 C:\Users\Micha³\AppData\Local\Temp\VMBuilds\driversL298\arduino_due_x_dbg\Debug/core.a(wiring_digital.c.o)
                0x0008139c                digitalWrite
 .text.digitalRead
                0x0008140c       0x44 C:\Users\Micha³\AppData\Local\Temp\VMBuilds\driversL298\arduino_due_x_dbg\Debug/core.a(wiring_digital.c.o)
                0x0008140c                digitalRead
 .text.initVariant
                0x00081450        0x2 C:\Users\Micha³\AppData\Local\Temp\VMBuilds\driversL298\arduino_due_x_dbg\Debug/core.a(main.cpp.o)
                0x00081450                initVariant
 *fill*         0x00081452        0x2 
 .text.startup.main
                0x00081454       0x38 C:\Users\Micha³\AppData\Local\Temp\VMBuilds\driversL298\arduino_due_x_dbg\Debug/core.a(main.cpp.o)
                0x00081454                main
 .text.initiateReset
                0x0008148c        0xc C:\Users\Micha³\AppData\Local\Temp\VMBuilds\driversL298\arduino_due_x_dbg\Debug/core.a(Reset.cpp.o)
                0x0008148c                initiateReset
 .text.cancelReset
                0x00081498       0x10 C:\Users\Micha³\AppData\Local\Temp\VMBuilds\driversL298\arduino_due_x_dbg\Debug/core.a(Reset.cpp.o)
                0x00081498                cancelReset
 .text.tickReset
                0x000814a8       0x20 C:\Users\Micha³\AppData\Local\Temp\VMBuilds\driversL298\arduino_due_x_dbg\Debug/core.a(Reset.cpp.o)
                0x000814a8                tickReset
 .text._ZN10RingBufferC2Ev
                0x000814c8       0x1a C:\Users\Micha³\AppData\Local\Temp\VMBuilds\driversL298\arduino_due_x_dbg\Debug/core.a(RingBuffer.cpp.o)
                0x000814c8                RingBuffer::RingBuffer()
                0x000814c8                RingBuffer::RingBuffer()
 .text._ZN10RingBuffer10store_charEh
                0x000814e2       0x1e C:\Users\Micha³\AppData\Local\Temp\VMBuilds\driversL298\arduino_due_x_dbg\Debug/core.a(RingBuffer.cpp.o)
                0x000814e2                RingBuffer::store_char(unsigned char)
 .text._ZN9UARTClasscvbEv
                0x00081500        0x4 C:\Users\Micha³\AppData\Local\Temp\VMBuilds\driversL298\arduino_due_x_dbg\Debug/core.a(UARTClass.cpp.o)
                0x00081500                UARTClass::operator bool()
 .text._ZN9UARTClass9availableEv
                0x00081504       0x12 C:\Users\Micha³\AppData\Local\Temp\VMBuilds\driversL298\arduino_due_x_dbg\Debug/core.a(UARTClass.cpp.o)
                0x00081504                UARTClass::available()
 .text._ZN9UARTClass4peekEv
                0x00081516       0x1c C:\Users\Micha³\AppData\Local\Temp\VMBuilds\driversL298\arduino_due_x_dbg\Debug/core.a(UARTClass.cpp.o)
                0x00081516                UARTClass::peek()
 .text._ZN9UARTClass4readEv
                0x00081532       0x2a C:\Users\Micha³\AppData\Local\Temp\VMBuilds\driversL298\arduino_due_x_dbg\Debug/core.a(UARTClass.cpp.o)
                0x00081532                UARTClass::read()
 .text._ZN9UARTClass5flushEv
                0x0008155c       0x18 C:\Users\Micha³\AppData\Local\Temp\VMBuilds\driversL298\arduino_due_x_dbg\Debug/core.a(UARTClass.cpp.o)
                0x0008155c                UARTClass::flush()
 .text._ZN9UARTClass5writeEh
                0x00081574       0x54 C:\Users\Micha³\AppData\Local\Temp\VMBuilds\driversL298\arduino_due_x_dbg\Debug/core.a(UARTClass.cpp.o)
                0x00081574                UARTClass::write(unsigned char)
 .text._ZN9UARTClass3endEv
                0x000815c8       0x3c C:\Users\Micha³\AppData\Local\Temp\VMBuilds\driversL298\arduino_due_x_dbg\Debug/core.a(UARTClass.cpp.o)
                0x000815c8                UARTClass::end()
 .text._ZN9UARTClassC2EP4Uart4IRQnmP10RingBufferS4_
                0x00081604       0x24 C:\Users\Micha³\AppData\Local\Temp\VMBuilds\driversL298\arduino_due_x_dbg\Debug/core.a(UARTClass.cpp.o)
                0x00081604                UARTClass::UARTClass(Uart*, IRQn, unsigned long, RingBuffer*, RingBuffer*)
                0x00081604                UARTClass::UARTClass(Uart*, IRQn, unsigned long, RingBuffer*, RingBuffer*)
 .text._ZN9UARTClass4initEmm
                0x00081628       0x70 C:\Users\Micha³\AppData\Local\Temp\VMBuilds\driversL298\arduino_due_x_dbg\Debug/core.a(UARTClass.cpp.o)
                0x00081628                UARTClass::init(unsigned long, unsigned long)
 .text._ZN9UARTClass5beginEm
                0x00081698        0x8 C:\Users\Micha³\AppData\Local\Temp\VMBuilds\driversL298\arduino_due_x_dbg\Debug/core.a(UARTClass.cpp.o)
                0x00081698                UARTClass::begin(unsigned long)
 .text._ZN9UARTClass10IrqHandlerEv
                0x000816a0       0x5a C:\Users\Micha³\AppData\Local\Temp\VMBuilds\driversL298\arduino_due_x_dbg\Debug/core.a(UARTClass.cpp.o)
                0x000816a0                UARTClass::IrqHandler()
 .text._ZN10USARTClass5beginEm
                0x000816fa        0x8 C:\Users\Micha³\AppData\Local\Temp\VMBuilds\driversL298\arduino_due_x_dbg\Debug/core.a(USARTClass.cpp.o)
                0x000816fa                USARTClass::begin(unsigned long)
 *fill*         0x00081702        0x2 
 .text._ZN10USARTClassC2EP5Usart4IRQnmP10RingBufferS4_
                0x00081704       0x24 C:\Users\Micha³\AppData\Local\Temp\VMBuilds\driversL298\arduino_due_x_dbg\Debug/core.a(USARTClass.cpp.o)
                0x00081704                USARTClass::USARTClass(Usart*, IRQn, unsigned long, RingBuffer*, RingBuffer*)
                0x00081704                USARTClass::USARTClass(Usart*, IRQn, unsigned long, RingBuffer*, RingBuffer*)
 .text._watchdogDefaultSetup
                0x00081728        0xc C:\Users\Micha³\AppData\Local\Temp\VMBuilds\driversL298\arduino_due_x_dbg\Debug/core.a(watchdog.cpp.o)
                0x00081728                _watchdogDefaultSetup
                0x00081728                watchdogSetup()
 .text.unlikely._ZL11USB_SendZlpv
                0x00081734       0x20 C:\Users\Micha³\AppData\Local\Temp\VMBuilds\driversL298\arduino_due_x_dbg\Debug/core.a(USBCore.cpp.o)
 .text._Z14USBD_Availablem
                0x00081754       0x2c C:\Users\Micha³\AppData\Local\Temp\VMBuilds\driversL298\arduino_due_x_dbg\Debug/core.a(USBCore.cpp.o)
                0x00081754                USBD_Available(unsigned long)
 .text._Z9USBD_RecvmPvm
                0x00081780       0x7c C:\Users\Micha³\AppData\Local\Temp\VMBuilds\driversL298\arduino_due_x_dbg\Debug/core.a(USBCore.cpp.o)
                0x00081780                USBD_Recv(unsigned long, void*, unsigned long)
 .text._Z9USBD_Recvm
                0x000817fc       0x22 C:\Users\Micha³\AppData\Local\Temp\VMBuilds\driversL298\arduino_due_x_dbg\Debug/core.a(USBCore.cpp.o)
                0x000817fc                USBD_Recv(unsigned long)
 *fill*         0x0008181e        0x2 
 .text._Z9USBD_SendmPKvm
                0x00081820       0x4c C:\Users\Micha³\AppData\Local\Temp\VMBuilds\driversL298\arduino_due_x_dbg\Debug/core.a(USBCore.cpp.o)
                0x00081820                USBD_Send(unsigned long, void const*, unsigned long)
 .text._Z16USBD_SendControlhPKvm
                0x0008186c       0x40 C:\Users\Micha³\AppData\Local\Temp\VMBuilds\driversL298\arduino_due_x_dbg\Debug/core.a(USBCore.cpp.o)
                0x0008186c                USBD_SendControl(unsigned char, void const*, unsigned long)
 .text.unlikely._ZL24USB_SendStringDescriptorPKhi
                0x000818ac       0x64 C:\Users\Micha³\AppData\Local\Temp\VMBuilds\driversL298\arduino_due_x_dbg\Debug/core.a(USBCore.cpp.o)
 .text._Z16USBD_RecvControlPvm
                0x00081910       0x1c C:\Users\Micha³\AppData\Local\Temp\VMBuilds\driversL298\arduino_due_x_dbg\Debug/core.a(USBCore.cpp.o)
                0x00081910                USBD_RecvControl(void*, unsigned long)
 .text._Z26USBD_ClassInterfaceRequestR8USBSetup
                0x0008192c       0x1e C:\Users\Micha³\AppData\Local\Temp\VMBuilds\driversL298\arduino_due_x_dbg\Debug/core.a(USBCore.cpp.o)
                0x0008192c                USBD_ClassInterfaceRequest(USBSetup&)
 .text._Z19USBD_SendInterfacesv
                0x0008194a       0x22 C:\Users\Micha³\AppData\Local\Temp\VMBuilds\driversL298\arduino_due_x_dbg\Debug/core.a(USBCore.cpp.o)
                0x0008194a                USBD_SendInterfaces()
 .text._Z24USBD_SendOtherInterfacesv
                0x0008196c       0x22 C:\Users\Micha³\AppData\Local\Temp\VMBuilds\driversL298\arduino_due_x_dbg\Debug/core.a(USBCore.cpp.o)
                0x0008196c                USBD_SendOtherInterfaces()
 .text._Z10USBD_Flushm
                0x0008198e       0x16 C:\Users\Micha³\AppData\Local\Temp\VMBuilds\driversL298\arduino_due_x_dbg\Debug/core.a(USBCore.cpp.o)
                0x0008198e                USBD_Flush(unsigned long)
 .text._ZN10USBDevice_C2Ev
                0x000819a4       0x24 C:\Users\Micha³\AppData\Local\Temp\VMBuilds\driversL298\arduino_due_x_dbg\Debug/core.a(USBCore.cpp.o)
                0x000819a4                USBDevice_::USBDevice_()
                0x000819a4                USBDevice_::USBDevice_()
 .text._ZN10USBDevice_6attachEv
                0x000819c8       0x20 C:\Users\Micha³\AppData\Local\Temp\VMBuilds\driversL298\arduino_due_x_dbg\Debug/core.a(USBCore.cpp.o)
                0x000819c8                USBDevice_::attach()
 .text.startup._GLOBAL__sub_I_EndPoints
                0x000819e8        0xc C:\Users\Micha³\AppData\Local\Temp\VMBuilds\driversL298\arduino_due_x_dbg\Debug/core.a(USBCore.cpp.o)
 .text._ZL7USB_ISRv
                0x000819f4      0x454 C:\Users\Micha³\AppData\Local\Temp\VMBuilds\driversL298\arduino_due_x_dbg\Debug/core.a(USBCore.cpp.o)
 .text._ZN5Print5writeEPKhj
                0x00081e48       0x22 C:\Users\Micha³\AppData\Local\Temp\VMBuilds\driversL298\arduino_due_x_dbg\Debug/core.a(Print.cpp.o)
                0x00081e48                Print::write(unsigned char const*, unsigned int)
 *fill*         0x00081e6a        0x2 
 .text._ZN7Serial_9availableEv
                0x00081e6c       0x18 C:\Users\Micha³\AppData\Local\Temp\VMBuilds\driversL298\arduino_due_x_dbg\Debug/core.a(CDC.cpp.o)
                0x00081e6c                Serial_::available()
 .text._ZN7Serial_17availableForWriteEv
                0x00081e84        0x6 C:\Users\Micha³\AppData\Local\Temp\VMBuilds\driversL298\arduino_due_x_dbg\Debug/core.a(CDC.cpp.o)
                0x00081e84                Serial_::availableForWrite()
 *fill*         0x00081e8a        0x2 
 .text._ZN7Serial_4peekEv
                0x00081e8c       0x20 C:\Users\Micha³\AppData\Local\Temp\VMBuilds\driversL298\arduino_due_x_dbg\Debug/core.a(CDC.cpp.o)
                0x00081e8c                Serial_::peek()
 .text._ZN7Serial_5writeEh
                0x00081eac       0x16 C:\Users\Micha³\AppData\Local\Temp\VMBuilds\driversL298\arduino_due_x_dbg\Debug/core.a(CDC.cpp.o)
                0x00081eac                Serial_::write(unsigned char)
 *fill*         0x00081ec2        0x2 
 .text._ZN7Serial_4readEv
                0x00081ec4       0x44 C:\Users\Micha³\AppData\Local\Temp\VMBuilds\driversL298\arduino_due_x_dbg\Debug/core.a(CDC.cpp.o)
                0x00081ec4                Serial_::read()
 .text._ZN7Serial_5flushEv
                0x00081f08        0x6 C:\Users\Micha³\AppData\Local\Temp\VMBuilds\driversL298\arduino_due_x_dbg\Debug/core.a(CDC.cpp.o)
                0x00081f08                Serial_::flush()
 *fill*         0x00081f0e        0x2 
 .text._ZN7Serial_6acceptEv
                0x00081f10       0x70 C:\Users\Micha³\AppData\Local\Temp\VMBuilds\driversL298\arduino_due_x_dbg\Debug/core.a(CDC.cpp.o)
                0x00081f10                Serial_::accept()
 .text._ZN7Serial_5writeEPKhj
                0x00081f80       0x2c C:\Users\Micha³\AppData\Local\Temp\VMBuilds\driversL298\arduino_due_x_dbg\Debug/core.a(CDC.cpp.o)
                0x00081f80                Serial_::write(unsigned char const*, unsigned int)
 .text._Z16CDC_GetInterfacePh
                0x00081fac       0x14 C:\Users\Micha³\AppData\Local\Temp\VMBuilds\driversL298\arduino_due_x_dbg\Debug/core.a(CDC.cpp.o)
                0x00081fac                CDC_GetInterface(unsigned char*)
 .text._Z21CDC_GetOtherInterfacePh
                0x00081fc0       0x14 C:\Users\Micha³\AppData\Local\Temp\VMBuilds\driversL298\arduino_due_x_dbg\Debug/core.a(CDC.cpp.o)
                0x00081fc0                CDC_GetOtherInterface(unsigned char*)
 .text._Z9CDC_SetupR8USBSetup
                0x00081fd4       0x78 C:\Users\Micha³\AppData\Local\Temp\VMBuilds\driversL298\arduino_due_x_dbg\Debug/core.a(CDC.cpp.o)
                0x00081fd4                CDC_Setup(USBSetup&)
 .text.startup._GLOBAL__sub_I_cdc_rx_buffer
                0x0008204c       0x1c C:\Users\Micha³\AppData\Local\Temp\VMBuilds\driversL298\arduino_due_x_dbg\Debug/core.a(CDC.cpp.o)
 .text._ZN13PluggableUSB_12getInterfaceEPh
                0x00082068       0x28 C:\Users\Micha³\AppData\Local\Temp\VMBuilds\driversL298\arduino_due_x_dbg\Debug/core.a(PluggableUSB.cpp.o)
                0x00082068                PluggableUSB_::getInterface(unsigned char*)
 .text._ZN13PluggableUSB_13getDescriptorER8USBSetup
                0x00082090       0x1c C:\Users\Micha³\AppData\Local\Temp\VMBuilds\driversL298\arduino_due_x_dbg\Debug/core.a(PluggableUSB.cpp.o)
                0x00082090                PluggableUSB_::getDescriptor(USBSetup&)
 .text._ZN13PluggableUSB_12getShortNameEPc
                0x000820ac       0x1c C:\Users\Micha³\AppData\Local\Temp\VMBuilds\driversL298\arduino_due_x_dbg\Debug/core.a(PluggableUSB.cpp.o)
                0x000820ac                PluggableUSB_::getShortName(char*)
 .text._ZN13PluggableUSB_5setupER8USBSetup
                0x000820c8       0x20 C:\Users\Micha³\AppData\Local\Temp\VMBuilds\driversL298\arduino_due_x_dbg\Debug/core.a(PluggableUSB.cpp.o)
                0x000820c8                PluggableUSB_::setup(USBSetup&)
 .text._Z12PluggableUSBv
                0x000820e8       0x28 C:\Users\Micha³\AppData\Local\Temp\VMBuilds\driversL298\arduino_due_x_dbg\Debug/core.a(PluggableUSB.cpp.o)
                0x000820e8                PluggableUSB()
 .text.FindClockConfiguration
                0x00082110       0x7c C:\Users\Micha³\AppData\Local\arduino15\packages\arduino\hardware\sam\1.6.9\variants\arduino_due_x/libsam_sam3x8e_gcc_rel.a(pwmc.o)
 .text.PWMC_ConfigureChannel
                0x0008218c       0x60 C:\Users\Micha³\AppData\Local\arduino15\packages\arduino\hardware\sam\1.6.9\variants\arduino_due_x/libsam_sam3x8e_gcc_rel.a(pwmc.o)
                0x0008218c                PWMC_ConfigureChannel
 .text.PWMC_ConfigureClocks
                0x000821ec       0x54 C:\Users\Micha³\AppData\Local\arduino15\packages\arduino\hardware\sam\1.6.9\variants\arduino_due_x/libsam_sam3x8e_gcc_rel.a(pwmc.o)
                0x000821ec                PWMC_ConfigureClocks
 .text.PWMC_SetPeriod
                0x00082240       0x1a C:\Users\Micha³\AppData\Local\arduino15\packages\arduino\hardware\sam\1.6.9\variants\arduino_due_x/libsam_sam3x8e_gcc_rel.a(pwmc.o)
                0x00082240                PWMC_SetPeriod
 *fill*         0x0008225a        0x2 
 .text.PWMC_SetDutyCycle
                0x0008225c       0x44 C:\Users\Micha³\AppData\Local\arduino15\packages\arduino\hardware\sam\1.6.9\variants\arduino_due_x/libsam_sam3x8e_gcc_rel.a(pwmc.o)
                0x0008225c                PWMC_SetDutyCycle
 .text.PWMC_EnableChannel
                0x000822a0        0xa C:\Users\Micha³\AppData\Local\arduino15\packages\arduino\hardware\sam\1.6.9\variants\arduino_due_x/libsam_sam3x8e_gcc_rel.a(pwmc.o)
                0x000822a0                PWMC_EnableChannel
 *fill*         0x000822aa        0x2 
 .text.TC_Configure
                0x000822ac       0x38 C:\Users\Micha³\AppData\Local\arduino15\packages\arduino\hardware\sam\1.6.9\variants\arduino_due_x/libsam_sam3x8e_gcc_rel.a(tc.o)
                0x000822ac                TC_Configure
 .text.TC_Start
                0x000822e4       0x2c C:\Users\Micha³\AppData\Local\arduino15\packages\arduino\hardware\sam\1.6.9\variants\arduino_due_x/libsam_sam3x8e_gcc_rel.a(tc.o)
                0x000822e4                TC_Start
 .text.TC_SetRA
                0x00082310        0x8 C:\Users\Micha³\AppData\Local\arduino15\packages\arduino\hardware\sam\1.6.9\variants\arduino_due_x/libsam_sam3x8e_gcc_rel.a(tc.o)
                0x00082310                TC_SetRA
 .text.TC_SetRB
                0x00082318        0x8 C:\Users\Micha³\AppData\Local\arduino15\packages\arduino\hardware\sam\1.6.9\variants\arduino_due_x/libsam_sam3x8e_gcc_rel.a(tc.o)
                0x00082318                TC_SetRB
 .text.TC_SetRC
                0x00082320        0x8 C:\Users\Micha³\AppData\Local\arduino15\packages\arduino\hardware\sam\1.6.9\variants\arduino_due_x/libsam_sam3x8e_gcc_rel.a(tc.o)
                0x00082320                TC_SetRC
 .text.TimeTick_Increment
                0x00082328       0x10 C:\Users\Micha³\AppData\Local\arduino15\packages\arduino\hardware\sam\1.6.9\variants\arduino_due_x/libsam_sam3x8e_gcc_rel.a(timetick.o)
                0x00082328                TimeTick_Increment
 .text.GetTickCount
                0x00082338        0xc C:\Users\Micha³\AppData\Local\arduino15\packages\arduino\hardware\sam\1.6.9\variants\arduino_due_x/libsam_sam3x8e_gcc_rel.a(timetick.o)
                0x00082338                GetTickCount
 .text.WDT_Disable
                0x00082344        0x8 C:\Users\Micha³\AppData\Local\arduino15\packages\arduino\hardware\sam\1.6.9\variants\arduino_due_x/libsam_sam3x8e_gcc_rel.a(wdt.o)
                0x00082344                WDT_Disable
 .text.UDD_SetStack
                0x0008234c        0xc C:\Users\Micha³\AppData\Local\arduino15\packages\arduino\hardware\sam\1.6.9\variants\arduino_due_x/libsam_sam3x8e_gcc_rel.a(uotghs_device.o)
                0x0008234c                UDD_SetStack
 .text.UDD_Init
                0x00082358       0xd0 C:\Users\Micha³\AppData\Local\arduino15\packages\arduino\hardware\sam\1.6.9\variants\arduino_due_x/libsam_sam3x8e_gcc_rel.a(uotghs_device.o)
                0x00082358                UDD_Init
 .text.UDD_Attach
                0x00082428       0x50 C:\Users\Micha³\AppData\Local\arduino15\packages\arduino\hardware\sam\1.6.9\variants\arduino_due_x/libsam_sam3x8e_gcc_rel.a(uotghs_device.o)
                0x00082428                UDD_Attach
 .text.UDD_InitEP
                0x00082478       0x2c C:\Users\Micha³\AppData\Local\arduino15\packages\arduino\hardware\sam\1.6.9\variants\arduino_due_x/libsam_sam3x8e_gcc_rel.a(uotghs_device.o)
                0x00082478                UDD_InitEP
 .text.UDD_InitEndpoints
                0x000824a4       0x3c C:\Users\Micha³\AppData\Local\arduino15\packages\arduino\hardware\sam\1.6.9\variants\arduino_due_x/libsam_sam3x8e_gcc_rel.a(uotghs_device.o)
                0x000824a4                UDD_InitEndpoints
 .text.UDD_WaitIN
                0x000824e0       0x10 C:\Users\Micha³\AppData\Local\arduino15\packages\arduino\hardware\sam\1.6.9\variants\arduino_due_x/libsam_sam3x8e_gcc_rel.a(uotghs_device.o)
                0x000824e0                UDD_WaitIN
 .text.UDD_WaitOUT
                0x000824f0       0x10 C:\Users\Micha³\AppData\Local\arduino15\packages\arduino\hardware\sam\1.6.9\variants\arduino_due_x/libsam_sam3x8e_gcc_rel.a(uotghs_device.o)
                0x000824f0                UDD_WaitOUT
 .text.UDD_ClearIN
                0x00082500       0x18 C:\Users\Micha³\AppData\Local\arduino15\packages\arduino\hardware\sam\1.6.9\variants\arduino_due_x/libsam_sam3x8e_gcc_rel.a(uotghs_device.o)
                0x00082500                UDD_ClearIN
 .text.UDD_ClearOUT
                0x00082518       0x18 C:\Users\Micha³\AppData\Local\arduino15\packages\arduino\hardware\sam\1.6.9\variants\arduino_due_x/libsam_sam3x8e_gcc_rel.a(uotghs_device.o)
                0x00082518                UDD_ClearOUT
 .text.UDD_ReceivedSetupInt
                0x00082530       0x10 C:\Users\Micha³\AppData\Local\arduino15\packages\arduino\hardware\sam\1.6.9\variants\arduino_due_x/libsam_sam3x8e_gcc_rel.a(uotghs_device.o)
                0x00082530                UDD_ReceivedSetupInt
 .text.UDD_ClearSetupInt
                0x00082540       0x10 C:\Users\Micha³\AppData\Local\arduino15\packages\arduino\hardware\sam\1.6.9\variants\arduino_due_x/libsam_sam3x8e_gcc_rel.a(uotghs_device.o)
                0x00082540                UDD_ClearSetupInt
 .text.UDD_Send
                0x00082550       0x88 C:\Users\Micha³\AppData\Local\arduino15\packages\arduino\hardware\sam\1.6.9\variants\arduino_due_x/libsam_sam3x8e_gcc_rel.a(uotghs_device.o)
                0x00082550                UDD_Send
 .text.UDD_Send8
                0x000825d8       0x24 C:\Users\Micha³\AppData\Local\arduino15\packages\arduino\hardware\sam\1.6.9\variants\arduino_due_x/libsam_sam3x8e_gcc_rel.a(uotghs_device.o)
                0x000825d8                UDD_Send8
 .text.UDD_Recv8
                0x000825fc       0x28 C:\Users\Micha³\AppData\Local\arduino15\packages\arduino\hardware\sam\1.6.9\variants\arduino_due_x/libsam_sam3x8e_gcc_rel.a(uotghs_device.o)
                0x000825fc                UDD_Recv8
 .text.UDD_Recv
                0x00082624       0x34 C:\Users\Micha³\AppData\Local\arduino15\packages\arduino\hardware\sam\1.6.9\variants\arduino_due_x/libsam_sam3x8e_gcc_rel.a(uotghs_device.o)
                0x00082624                UDD_Recv
 .text.UDD_Stall
                0x00082658       0x14 C:\Users\Micha³\AppData\Local\arduino15\packages\arduino\hardware\sam\1.6.9\variants\arduino_due_x/libsam_sam3x8e_gcc_rel.a(uotghs_device.o)
                0x00082658                UDD_Stall
 .text.UDD_FifoByteCount
                0x0008266c       0x14 C:\Users\Micha³\AppData\Local\arduino15\packages\arduino\hardware\sam\1.6.9\variants\arduino_due_x/libsam_sam3x8e_gcc_rel.a(uotghs_device.o)
                0x0008266c                UDD_FifoByteCount
 .text.UDD_ReleaseRX
                0x00082680       0x28 C:\Users\Micha³\AppData\Local\arduino15\packages\arduino\hardware\sam\1.6.9\variants\arduino_due_x/libsam_sam3x8e_gcc_rel.a(uotghs_device.o)
                0x00082680                UDD_ReleaseRX
 .text.UDD_ReleaseTX
                0x000826a8       0x28 C:\Users\Micha³\AppData\Local\arduino15\packages\arduino\hardware\sam\1.6.9\variants\arduino_due_x/libsam_sam3x8e_gcc_rel.a(uotghs_device.o)
                0x000826a8                UDD_ReleaseTX
 .text.UDD_SetAddress
                0x000826d0       0x20 C:\Users\Micha³\AppData\Local\arduino15\packages\arduino\hardware\sam\1.6.9\variants\arduino_due_x/libsam_sam3x8e_gcc_rel.a(uotghs_device.o)
                0x000826d0                UDD_SetAddress
 .text.dacc_reset
                0x000826f0        0x6 C:\Users\Micha³\AppData\Local\arduino15\packages\arduino\hardware\sam\1.6.9\variants\arduino_due_x/libsam_sam3x8e_gcc_rel.a(dacc.o)
                0x000826f0                dacc_reset
 .text.dacc_set_transfer_mode
                0x000826f6       0x14 C:\Users\Micha³\AppData\Local\arduino15\packages\arduino\hardware\sam\1.6.9\variants\arduino_due_x/libsam_sam3x8e_gcc_rel.a(dacc.o)
                0x000826f6                dacc_set_transfer_mode
 .text.dacc_get_interrupt_status
                0x0008270a        0x4 C:\Users\Micha³\AppData\Local\arduino15\packages\arduino\hardware\sam\1.6.9\variants\arduino_due_x/libsam_sam3x8e_gcc_rel.a(dacc.o)
                0x0008270a                dacc_get_interrupt_status
 .text.dacc_write_conversion_data
                0x0008270e        0x4 C:\Users\Micha³\AppData\Local\arduino15\packages\arduino\hardware\sam\1.6.9\variants\arduino_due_x/libsam_sam3x8e_gcc_rel.a(dacc.o)
                0x0008270e                dacc_write_conversion_data
 .text.dacc_set_channel_selection
                0x00082712       0x18 C:\Users\Micha³\AppData\Local\arduino15\packages\arduino\hardware\sam\1.6.9\variants\arduino_due_x/libsam_sam3x8e_gcc_rel.a(dacc.o)
                0x00082712                dacc_set_channel_selection
 .text.dacc_set_power_save
                0x0008272a       0x24 C:\Users\Micha³\AppData\Local\arduino15\packages\arduino\hardware\sam\1.6.9\variants\arduino_due_x/libsam_sam3x8e_gcc_rel.a(dacc.o)
                0x0008272a                dacc_set_power_save
 .text.dacc_set_timing
                0x0008274e       0x2c C:\Users\Micha³\AppData\Local\arduino15\packages\arduino\hardware\sam\1.6.9\variants\arduino_due_x/libsam_sam3x8e_gcc_rel.a(dacc.o)
                0x0008274e                dacc_set_timing
 .text.dacc_enable_channel
                0x0008277a       0x12 C:\Users\Micha³\AppData\Local\arduino15\packages\arduino\hardware\sam\1.6.9\variants\arduino_due_x/libsam_sam3x8e_gcc_rel.a(dacc.o)
                0x0008277a                dacc_enable_channel
 .text.dacc_get_channel_status
                0x0008278c        0x4 C:\Users\Micha³\AppData\Local\arduino15\packages\arduino\hardware\sam\1.6.9\variants\arduino_due_x/libsam_sam3x8e_gcc_rel.a(dacc.o)
                0x0008278c                dacc_get_channel_status
 .text.dacc_set_analog_control
                0x00082790        0x8 C:\Users\Micha³\AppData\Local\arduino15\packages\arduino\hardware\sam\1.6.9\variants\arduino_due_x/libsam_sam3x8e_gcc_rel.a(dacc.o)
                0x00082790                dacc_set_analog_control
 .text          0x00082798      0x370 c:/users/micha³/appdata/local/arduino15/packages/arduino/tools/arm-none-eabi-gcc/4.8.3-2014q1/bin/../lib/gcc/arm-none-eabi/4.8.3/armv7-m\libgcc.a(_arm_addsubdf3.o)
                0x00082798                __aeabi_drsub
                0x000827a0                __aeabi_dsub
                0x000827a0                __subdf3
                0x000827a4                __aeabi_dadd
                0x000827a4                __adddf3
                0x00082a1c                __floatunsidf
                0x00082a1c                __aeabi_ui2d
                0x00082a3c                __floatsidf
                0x00082a3c                __aeabi_i2d
                0x00082a60                __aeabi_f2d
                0x00082a60                __extendsfdf2
                0x00082a9c                __floatundidf
                0x00082a9c                __aeabi_ul2d
                0x00082aac                __floatdidf
                0x00082aac                __aeabi_l2d
 .text          0x00082b08      0x424 c:/users/micha³/appdata/local/arduino15/packages/arduino/tools/arm-none-eabi-gcc/4.8.3-2014q1/bin/../lib/gcc/arm-none-eabi/4.8.3/armv7-m\libgcc.a(_arm_muldivdf3.o)
                0x00082b08                __aeabi_dmul
                0x00082b08                __muldf3
                0x00082d5c                __divdf3
                0x00082d5c                __aeabi_ddiv
 .text          0x00082f2c      0x110 c:/users/micha³/appdata/local/arduino15/packages/arduino/tools/arm-none-eabi-gcc/4.8.3-2014q1/bin/../lib/gcc/arm-none-eabi/4.8.3/armv7-m\libgcc.a(_arm_cmpdf2.o)
                0x00082f2c                __gtdf2
                0x00082f2c                __gedf2
                0x00082f34                __ltdf2
                0x00082f34                __ledf2
                0x00082f3c                __nedf2
                0x00082f3c                __eqdf2
                0x00082f3c                __cmpdf2
                0x00082fb8                __aeabi_cdrcmple
                0x00082fc8                __aeabi_cdcmpeq
                0x00082fc8                __aeabi_cdcmple
                0x00082fd8                __aeabi_dcmpeq
                0x00082fec                __aeabi_dcmplt
                0x00083000                __aeabi_dcmple
                0x00083014                __aeabi_dcmpge
                0x00083028                __aeabi_dcmpgt
 .text          0x0008303c       0x50 c:/users/micha³/appdata/local/arduino15/packages/arduino/tools/arm-none-eabi-gcc/4.8.3-2014q1/bin/../lib/gcc/arm-none-eabi/4.8.3/armv7-m\libgcc.a(_arm_fixdfsi.o)
                0x0008303c                __aeabi_d2iz
                0x0008303c                __fixdfsi
 .text.__assert_func
                0x0008308c       0x3c c:/users/micha³/appdata/local/arduino15/packages/arduino/tools/arm-none-eabi-gcc/4.8.3-2014q1/bin/../lib/gcc/arm-none-eabi/4.8.3/../../../../arm-none-eabi/lib/armv7-m\libg.a(lib_a-assert.o)
                0x0008308c                __assert_func
 .text.fiprintf
                0x000830c8       0x28 c:/users/micha³/appdata/local/arduino15/packages/arduino/tools/arm-none-eabi-gcc/4.8.3-2014q1/bin/../lib/gcc/arm-none-eabi/4.8.3/../../../../arm-none-eabi/lib/armv7-m\libg.a(lib_a-fiprintf.o)
                0x000830c8                fiprintf
 .text.__libc_init_array
                0x000830f0       0x50 c:/users/micha³/appdata/local/arduino15/packages/arduino/tools/arm-none-eabi-gcc/4.8.3-2014q1/bin/../lib/gcc/arm-none-eabi/4.8.3/../../../../arm-none-eabi/lib/armv7-m\libg.a(lib_a-init.o)
                0x000830f0                __libc_init_array
 .text.iprintf  0x00083140       0x28 c:/users/micha³/appdata/local/arduino15/packages/arduino/tools/arm-none-eabi-gcc/4.8.3-2014q1/bin/../lib/gcc/arm-none-eabi/4.8.3/../../../../arm-none-eabi/lib/armv7-m\libg.a(lib_a-iprintf.o)
                0x00083140                iprintf
 .text.memset   0x00083168       0x94 c:/users/micha³/appdata/local/arduino15/packages/arduino/tools/arm-none-eabi-gcc/4.8.3-2014q1/bin/../lib/gcc/arm-none-eabi/4.8.3/../../../../arm-none-eabi/lib/armv7-m\libg.a(lib_a-memset.o)
                0x00083168                memset
 .text.strlen   0x000831fc       0x60 c:/users/micha³/appdata/local/arduino15/packages/arduino/tools/arm-none-eabi-gcc/4.8.3-2014q1/bin/../lib/gcc/arm-none-eabi/4.8.3/../../../../arm-none-eabi/lib/armv7-m\libg.a(lib_a-strlen.o)
                0x000831fc                strlen
 .text.kill     0x0008325c       0x10 c:/users/micha³/appdata/local/arduino15/packages/arduino/tools/arm-none-eabi-gcc/4.8.3-2014q1/bin/../lib/gcc/arm-none-eabi/4.8.3/../../../../arm-none-eabi/lib/armv7-m\libg.a(lib_a-syskill.o)
                0x0008325c                kill
 .text.__sprint_r.part.0
                0x0008326c       0x78 c:/users/micha³/appdata/local/arduino15/packages/arduino/tools/arm-none-eabi-gcc/4.8.3-2014q1/bin/../lib/gcc/arm-none-eabi/4.8.3/../../../../arm-none-eabi/lib/armv7-m\libg.a(lib_a-vfiprintf.o)
 .text._vfiprintf_r
                0x000832e4      0xc54 c:/users/micha³/appdata/local/arduino15/packages/arduino/tools/arm-none-eabi-gcc/4.8.3-2014q1/bin/../lib/gcc/arm-none-eabi/4.8.3/../../../../arm-none-eabi/lib/armv7-m\libg.a(lib_a-vfiprintf.o)
                0x000832e4                _vfiprintf_r
 .text.__sbprintf
                0x00083f38       0x7c c:/users/micha³/appdata/local/arduino15/packages/arduino/tools/arm-none-eabi-gcc/4.8.3-2014q1/bin/../lib/gcc/arm-none-eabi/4.8.3/../../../../arm-none-eabi/lib/armv7-m\libg.a(lib_a-vfiprintf.o)
 .text.__swsetup_r
                0x00083fb4       0xc4 c:/users/micha³/appdata/local/arduino15/packages/arduino/tools/arm-none-eabi-gcc/4.8.3-2014q1/bin/../lib/gcc/arm-none-eabi/4.8.3/../../../../arm-none-eabi/lib/armv7-m\libg.a(lib_a-wsetup.o)
                0x00083fb4                __swsetup_r
 .text.startup.register_fini
                0x00084078       0x14 c:/users/micha³/appdata/local/arduino15/packages/arduino/tools/arm-none-eabi-gcc/4.8.3-2014q1/bin/../lib/gcc/arm-none-eabi/4.8.3/../../../../arm-none-eabi/lib/armv7-m\libg.a(lib_a-__call_atexit.o)
 .text.abort    0x0008408c       0x10 c:/users/micha³/appdata/local/arduino15/packages/arduino/tools/arm-none-eabi-gcc/4.8.3-2014q1/bin/../lib/gcc/arm-none-eabi/4.8.3/../../../../arm-none-eabi/lib/armv7-m\libg.a(lib_a-abort.o)
                0x0008408c                abort
 .text.atexit   0x0008409c        0xc c:/users/micha³/appdata/local/arduino15/packages/arduino/tools/arm-none-eabi-gcc/4.8.3-2014q1/bin/../lib/gcc/arm-none-eabi/4.8.3/../../../../arm-none-eabi/lib/armv7-m\libg.a(lib_a-atexit.o)
                0x0008409c                atexit
 .text.__sflush_r
                0x000840a8      0x148 c:/users/micha³/appdata/local/arduino15/packages/arduino/tools/arm-none-eabi-gcc/4.8.3-2014q1/bin/../lib/gcc/arm-none-eabi/4.8.3/../../../../arm-none-eabi/lib/armv7-m\libg.a(lib_a-fflush.o)
                0x000840a8                __sflush_r
 .text._fflush_r
                0x000841f0       0x2c c:/users/micha³/appdata/local/arduino15/packages/arduino/tools/arm-none-eabi-gcc/4.8.3-2014q1/bin/../lib/gcc/arm-none-eabi/4.8.3/../../../../arm-none-eabi/lib/armv7-m\libg.a(lib_a-fflush.o)
                0x000841f0                _fflush_r
 .text._cleanup_r
                0x0008421c        0xc c:/users/micha³/appdata/local/arduino15/packages/arduino/tools/arm-none-eabi-gcc/4.8.3-2014q1/bin/../lib/gcc/arm-none-eabi/4.8.3/../../../../arm-none-eabi/lib/armv7-m\libg.a(lib_a-findfp.o)
                0x0008421c                _cleanup_r
 .text.__sinit  0x00084228       0xf4 c:/users/micha³/appdata/local/arduino15/packages/arduino/tools/arm-none-eabi-gcc/4.8.3-2014q1/bin/../lib/gcc/arm-none-eabi/4.8.3/../../../../arm-none-eabi/lib/armv7-m\libg.a(lib_a-findfp.o)
                0x00084228                __sinit
 .text.__sfp_lock_acquire
                0x0008431c        0x4 c:/users/micha³/appdata/local/arduino15/packages/arduino/tools/arm-none-eabi-gcc/4.8.3-2014q1/bin/../lib/gcc/arm-none-eabi/4.8.3/../../../../arm-none-eabi/lib/armv7-m\libg.a(lib_a-findfp.o)
                0x0008431c                __sfp_lock_acquire
 .text.__sfp_lock_release
                0x00084320        0x4 c:/users/micha³/appdata/local/arduino15/packages/arduino/tools/arm-none-eabi-gcc/4.8.3-2014q1/bin/../lib/gcc/arm-none-eabi/4.8.3/../../../../arm-none-eabi/lib/armv7-m\libg.a(lib_a-findfp.o)
                0x00084320                __sfp_lock_release
 .text.__libc_fini_array
                0x00084324       0x30 c:/users/micha³/appdata/local/arduino15/packages/arduino/tools/arm-none-eabi-gcc/4.8.3-2014q1/bin/../lib/gcc/arm-none-eabi/4.8.3/../../../../arm-none-eabi/lib/armv7-m\libg.a(lib_a-fini.o)
                0x00084324                __libc_fini_array
 .text._fputwc_r
                0x00084354       0xc0 c:/users/micha³/appdata/local/arduino15/packages/arduino/tools/arm-none-eabi-gcc/4.8.3-2014q1/bin/../lib/gcc/arm-none-eabi/4.8.3/../../../../arm-none-eabi/lib/armv7-m\libg.a(lib_a-fputwc.o)
                0x00084354                _fputwc_r
 .text._malloc_trim_r
                0x00084414       0x9c c:/users/micha³/appdata/local/arduino15/packages/arduino/tools/arm-none-eabi-gcc/4.8.3-2014q1/bin/../lib/gcc/arm-none-eabi/4.8.3/../../../../arm-none-eabi/lib/armv7-m\libg.a(lib_a-freer.o)
                0x00084414                _malloc_trim_r
 .text._free_r  0x000844b0      0x198 c:/users/micha³/appdata/local/arduino15/packages/arduino/tools/arm-none-eabi-gcc/4.8.3-2014q1/bin/../lib/gcc/arm-none-eabi/4.8.3/../../../../arm-none-eabi/lib/armv7-m\libg.a(lib_a-freer.o)
                0x000844b0                _free_r
 .text.__sfvwrite_r
                0x00084648      0x314 c:/users/micha³/appdata/local/arduino15/packages/arduino/tools/arm-none-eabi-gcc/4.8.3-2014q1/bin/../lib/gcc/arm-none-eabi/4.8.3/../../../../arm-none-eabi/lib/armv7-m\libg.a(lib_a-fvwrite.o)
                0x00084648                __sfvwrite_r
 .text._fwalk   0x0008495c       0x48 c:/users/micha³/appdata/local/arduino15/packages/arduino/tools/arm-none-eabi-gcc/4.8.3-2014q1/bin/../lib/gcc/arm-none-eabi/4.8.3/../../../../arm-none-eabi/lib/armv7-m\libg.a(lib_a-fwalk.o)
                0x0008495c                _fwalk
 .text.__locale_charset
                0x000849a4        0x8 c:/users/micha³/appdata/local/arduino15/packages/arduino/tools/arm-none-eabi-gcc/4.8.3-2014q1/bin/../lib/gcc/arm-none-eabi/4.8.3/../../../../arm-none-eabi/lib/armv7-m\libg.a(lib_a-locale.o)
                0x000849a4                __locale_charset
 .text.__locale_mb_cur_max
                0x000849ac        0xc c:/users/micha³/appdata/local/arduino15/packages/arduino/tools/arm-none-eabi-gcc/4.8.3-2014q1/bin/../lib/gcc/arm-none-eabi/4.8.3/../../../../arm-none-eabi/lib/armv7-m\libg.a(lib_a-locale.o)
                0x000849ac                __locale_mb_cur_max
 .text.__smakebuf_r
                0x000849b8       0xe0 c:/users/micha³/appdata/local/arduino15/packages/arduino/tools/arm-none-eabi-gcc/4.8.3-2014q1/bin/../lib/gcc/arm-none-eabi/4.8.3/../../../../arm-none-eabi/lib/armv7-m\libg.a(lib_a-makebuf.o)
                0x000849b8                __smakebuf_r
 .text._malloc_r
                0x00084a98      0x538 c:/users/micha³/appdata/local/arduino15/packages/arduino/tools/arm-none-eabi-gcc/4.8.3-2014q1/bin/../lib/gcc/arm-none-eabi/4.8.3/../../../../arm-none-eabi/lib/armv7-m\libg.a(lib_a-mallocr.o)
                0x00084a98                _malloc_r
 .text.memchr   0x00084fd0       0x94 c:/users/micha³/appdata/local/arduino15/packages/arduino/tools/arm-none-eabi-gcc/4.8.3-2014q1/bin/../lib/gcc/arm-none-eabi/4.8.3/../../../../arm-none-eabi/lib/armv7-m\libg.a(lib_a-memchr-stub.o)
                0x00084fd0                memchr
 .text          0x00085064       0xec c:/users/micha³/appdata/local/arduino15/packages/arduino/tools/arm-none-eabi-gcc/4.8.3-2014q1/bin/../lib/gcc/arm-none-eabi/4.8.3/../../../../arm-none-eabi/lib/armv7-m\libg.a(lib_a-memcpy.o)
                0x00085064                memcpy
 .text.memmove  0x00085150       0xcc c:/users/micha³/appdata/local/arduino15/packages/arduino/tools/arm-none-eabi-gcc/4.8.3-2014q1/bin/../lib/gcc/arm-none-eabi/4.8.3/../../../../arm-none-eabi/lib/armv7-m\libg.a(lib_a-memmove.o)
                0x00085150                memmove
 .text.__malloc_lock
                0x0008521c        0x4 c:/users/micha³/appdata/local/arduino15/packages/arduino/tools/arm-none-eabi-gcc/4.8.3-2014q1/bin/../lib/gcc/arm-none-eabi/4.8.3/../../../../arm-none-eabi/lib/armv7-m\libg.a(lib_a-mlock.o)
                0x0008521c                __malloc_lock
 .text.__malloc_unlock
                0x00085220        0x4 c:/users/micha³/appdata/local/arduino15/packages/arduino/tools/arm-none-eabi-gcc/4.8.3-2014q1/bin/../lib/gcc/arm-none-eabi/4.8.3/../../../../arm-none-eabi/lib/armv7-m\libg.a(lib_a-mlock.o)
                0x00085220                __malloc_unlock
 .text._realloc_r
                0x00085224      0x3c0 c:/users/micha³/appdata/local/arduino15/packages/arduino/tools/arm-none-eabi-gcc/4.8.3-2014q1/bin/../lib/gcc/arm-none-eabi/4.8.3/../../../../arm-none-eabi/lib/armv7-m\libg.a(lib_a-reallocr.o)
                0x00085224                _realloc_r
 .text._sbrk_r  0x000855e4       0x24 c:/users/micha³/appdata/local/arduino15/packages/arduino/tools/arm-none-eabi-gcc/4.8.3-2014q1/bin/../lib/gcc/arm-none-eabi/4.8.3/../../../../arm-none-eabi/lib/armv7-m\libg.a(lib_a-sbrkr.o)
                0x000855e4                _sbrk_r
 .text._raise_r
                0x00085608       0x58 c:/users/micha³/appdata/local/arduino15/packages/arduino/tools/arm-none-eabi-gcc/4.8.3-2014q1/bin/../lib/gcc/arm-none-eabi/4.8.3/../../../../arm-none-eabi/lib/armv7-m\libg.a(lib_a-signal.o)
                0x00085608                _raise_r
 .text.raise    0x00085660       0x10 c:/users/micha³/appdata/local/arduino15/packages/arduino/tools/arm-none-eabi-gcc/4.8.3-2014q1/bin/../lib/gcc/arm-none-eabi/4.8.3/../../../../arm-none-eabi/lib/armv7-m\libg.a(lib_a-signal.o)
                0x00085660                raise
 .text._kill_r  0x00085670       0x28 c:/users/micha³/appdata/local/arduino15/packages/arduino/tools/arm-none-eabi-gcc/4.8.3-2014q1/bin/../lib/gcc/arm-none-eabi/4.8.3/../../../../arm-none-eabi/lib/armv7-m\libg.a(lib_a-signalr.o)
                0x00085670                _kill_r
 .text._getpid_r
                0x00085698        0x4 c:/users/micha³/appdata/local/arduino15/packages/arduino/tools/arm-none-eabi-gcc/4.8.3-2014q1/bin/../lib/gcc/arm-none-eabi/4.8.3/../../../../arm-none-eabi/lib/armv7-m\libg.a(lib_a-signalr.o)
                0x00085698                _getpid_r
 .text.__sread  0x0008569c       0x24 c:/users/micha³/appdata/local/arduino15/packages/arduino/tools/arm-none-eabi-gcc/4.8.3-2014q1/bin/../lib/gcc/arm-none-eabi/4.8.3/../../../../arm-none-eabi/lib/armv7-m\libg.a(lib_a-stdio.o)
                0x0008569c                __sread
 .text.__swrite
                0x000856c0       0x38 c:/users/micha³/appdata/local/arduino15/packages/arduino/tools/arm-none-eabi-gcc/4.8.3-2014q1/bin/../lib/gcc/arm-none-eabi/4.8.3/../../../../arm-none-eabi/lib/armv7-m\libg.a(lib_a-stdio.o)
                0x000856c0                __swrite
 .text.__sseek  0x000856f8       0x20 c:/users/micha³/appdata/local/arduino15/packages/arduino/tools/arm-none-eabi-gcc/4.8.3-2014q1/bin/../lib/gcc/arm-none-eabi/4.8.3/../../../../arm-none-eabi/lib/armv7-m\libg.a(lib_a-stdio.o)
                0x000856f8                __sseek
 .text.__sclose
                0x00085718        0x8 c:/users/micha³/appdata/local/arduino15/packages/arduino/tools/arm-none-eabi-gcc/4.8.3-2014q1/bin/../lib/gcc/arm-none-eabi/4.8.3/../../../../arm-none-eabi/lib/armv7-m\libg.a(lib_a-stdio.o)
                0x00085718                __sclose
 .text.__swbuf_r
                0x00085720       0xa8 c:/users/micha³/appdata/local/arduino15/packages/arduino/tools/arm-none-eabi-gcc/4.8.3-2014q1/bin/../lib/gcc/arm-none-eabi/4.8.3/../../../../arm-none-eabi/lib/armv7-m\libg.a(lib_a-wbuf.o)
                0x00085720                __swbuf_r
 .text._wcrtomb_r
                0x000857c8       0x50 c:/users/micha³/appdata/local/arduino15/packages/arduino/tools/arm-none-eabi-gcc/4.8.3-2014q1/bin/../lib/gcc/arm-none-eabi/4.8.3/../../../../arm-none-eabi/lib/armv7-m\libg.a(lib_a-wcrtomb.o)
                0x000857c8                _wcrtomb_r
 .text.__ascii_wctomb
                0x00085818       0x1c c:/users/micha³/appdata/local/arduino15/packages/arduino/tools/arm-none-eabi-gcc/4.8.3-2014q1/bin/../lib/gcc/arm-none-eabi/4.8.3/../../../../arm-none-eabi/lib/armv7-m\libg.a(lib_a-wctomb_r.o)
                0x00085818                __ascii_wctomb
 .text._write_r
                0x00085834       0x28 c:/users/micha³/appdata/local/arduino15/packages/arduino/tools/arm-none-eabi-gcc/4.8.3-2014q1/bin/../lib/gcc/arm-none-eabi/4.8.3/../../../../arm-none-eabi/lib/armv7-m\libg.a(lib_a-writer.o)
                0x00085834                _write_r
 .text.__register_exitproc
                0x0008585c       0xa8 c:/users/micha³/appdata/local/arduino15/packages/arduino/tools/arm-none-eabi-gcc/4.8.3-2014q1/bin/../lib/gcc/arm-none-eabi/4.8.3/../../../../arm-none-eabi/lib/armv7-m\libg.a(lib_a-__atexit.o)
                0x0008585c                __register_exitproc
 .text._close_r
                0x00085904       0x24 c:/users/micha³/appdata/local/arduino15/packages/arduino/tools/arm-none-eabi-gcc/4.8.3-2014q1/bin/../lib/gcc/arm-none-eabi/4.8.3/../../../../arm-none-eabi/lib/armv7-m\libg.a(lib_a-closer.o)
                0x00085904                _close_r
 .text._fclose_r
                0x00085928       0x80 c:/users/micha³/appdata/local/arduino15/packages/arduino/tools/arm-none-eabi-gcc/4.8.3-2014q1/bin/../lib/gcc/arm-none-eabi/4.8.3/../../../../arm-none-eabi/lib/armv7-m\libg.a(lib_a-fclose.o)
                0x00085928                _fclose_r
 .text.fclose   0x000859a8       0x10 c:/users/micha³/appdata/local/arduino15/packages/arduino/tools/arm-none-eabi-gcc/4.8.3-2014q1/bin/../lib/gcc/arm-none-eabi/4.8.3/../../../../arm-none-eabi/lib/armv7-m\libg.a(lib_a-fclose.o)
                0x000859a8                fclose
 .text._fstat_r
                0x000859b8       0x28 c:/users/micha³/appdata/local/arduino15/packages/arduino/tools/arm-none-eabi-gcc/4.8.3-2014q1/bin/../lib/gcc/arm-none-eabi/4.8.3/../../../../arm-none-eabi/lib/armv7-m\libg.a(lib_a-fstatr.o)
                0x000859b8                _fstat_r
 .text._isatty_r
                0x000859e0       0x24 c:/users/micha³/appdata/local/arduino15/packages/arduino/tools/arm-none-eabi-gcc/4.8.3-2014q1/bin/../lib/gcc/arm-none-eabi/4.8.3/../../../../arm-none-eabi/lib/armv7-m\libg.a(lib_a-isattyr.o)
                0x000859e0                _isatty_r
 .text._lseek_r
                0x00085a04       0x28 c:/users/micha³/appdata/local/arduino15/packages/arduino/tools/arm-none-eabi-gcc/4.8.3-2014q1/bin/../lib/gcc/arm-none-eabi/4.8.3/../../../../arm-none-eabi/lib/armv7-m\libg.a(lib_a-lseekr.o)
                0x00085a04                _lseek_r
 .text._read_r  0x00085a2c       0x28 c:/users/micha³/appdata/local/arduino15/packages/arduino/tools/arm-none-eabi-gcc/4.8.3-2014q1/bin/../lib/gcc/arm-none-eabi/4.8.3/../../../../arm-none-eabi/lib/armv7-m\libg.a(lib_a-readr.o)
                0x00085a2c                _read_r
 .text          0x00085a54       0x2c c:/users/micha³/appdata/local/arduino15/packages/arduino/tools/arm-none-eabi-gcc/4.8.3-2014q1/bin/../lib/gcc/arm-none-eabi/4.8.3/armv7-m\libgcc.a(_aeabi_uldivmod.o)
                0x00085a54                __aeabi_uldivmod
 .text          0x00085a80       0x60 c:/users/micha³/appdata/local/arduino15/packages/arduino/tools/arm-none-eabi-gcc/4.8.3-2014q1/bin/../lib/gcc/arm-none-eabi/4.8.3/armv7-m\libgcc.a(bpabi.o)
                0x00085a80                __gnu_ldivmod_helper
                0x00085ab0                __gnu_uldivmod_helper
 .text          0x00085ae0        0x4 c:/users/micha³/appdata/local/arduino15/packages/arduino/tools/arm-none-eabi-gcc/4.8.3-2014q1/bin/../lib/gcc/arm-none-eabi/4.8.3/armv7-m\libgcc.a(_dvmd_tls.o)
                0x00085ae0                __aeabi_idiv0
                0x00085ae0                __aeabi_ldiv0
 .text          0x00085ae4      0x2a0 c:/users/micha³/appdata/local/arduino15/packages/arduino/tools/arm-none-eabi-gcc/4.8.3-2014q1/bin/../lib/gcc/arm-none-eabi/4.8.3/armv7-m\libgcc.a(_divdi3.o)
                0x00085ae4                __divdi3
 .text          0x00085d84      0x290 c:/users/micha³/appdata/local/arduino15/packages/arduino/tools/arm-none-eabi-gcc/4.8.3-2014q1/bin/../lib/gcc/arm-none-eabi/4.8.3/armv7-m\libgcc.a(_udivdi3.o)
                0x00085d84                __udivdi3
 *(.glue_7t)
 .glue_7t       0x00000000        0x0 linker stubs
 *(.glue_7)
 .glue_7        0x00000000        0x0 linker stubs
 *(.rodata .rodata* .gnu.linkonce.r.*)
 .rodata.g_APinDescription
                0x00086014      0xa2c C:\Users\Micha³\AppData\Local\Temp\VMBuilds\driversL298\arduino_due_x_dbg\Debug\variant\variant.cpp.o
                0x00086014                g_APinDescription
 .rodata        0x00086a40       0x40 C:\Users\Micha³\AppData\Local\arduino15\packages\arduino\hardware\sam\1.6.9\variants\arduino_due_x/libsam_sam3x8e_gcc_rel.a(adc.o)
 .rodata.str1.1
                0x00086a80       0x19 C:\Users\Micha³\AppData\Local\Temp\VMBuilds\driversL298\arduino_due_x_dbg\Debug/core.a(syscalls_sam3.c.o)
 *fill*         0x00086a99        0x3 
 .rodata.channelToId.9433
                0x00086a9c       0x48 C:\Users\Micha³\AppData\Local\Temp\VMBuilds\driversL298\arduino_due_x_dbg\Debug/core.a(wiring_analog.c.o)
 .rodata.channelToTC.9432
                0x00086ae4       0x48 C:\Users\Micha³\AppData\Local\Temp\VMBuilds\driversL298\arduino_due_x_dbg\Debug/core.a(wiring_analog.c.o)
 .rodata.channelToChNo.9430
                0x00086b2c       0x48 C:\Users\Micha³\AppData\Local\Temp\VMBuilds\driversL298\arduino_due_x_dbg\Debug/core.a(wiring_analog.c.o)
 .rodata.channelToAB.9431
                0x00086b74       0x48 C:\Users\Micha³\AppData\Local\Temp\VMBuilds\driversL298\arduino_due_x_dbg\Debug/core.a(wiring_analog.c.o)
 *fill*         0x00086bbc        0x4 
 .rodata._ZTV9UARTClass
                0x00086bc0       0x30 C:\Users\Micha³\AppData\Local\Temp\VMBuilds\driversL298\arduino_due_x_dbg\Debug/core.a(UARTClass.cpp.o)
                0x00086bc0                vtable for UARTClass
 .rodata._ZTV10USARTClass
                0x00086bf0       0x30 C:\Users\Micha³\AppData\Local\Temp\VMBuilds\driversL298\arduino_due_x_dbg\Debug/core.a(USARTClass.cpp.o)
                0x00086bf0                vtable for USARTClass
 .rodata.STRING_PRODUCT
                0x00086c20        0xc C:\Users\Micha³\AppData\Local\Temp\VMBuilds\driversL298\arduino_due_x_dbg\Debug/core.a(USBCore.cpp.o)
                0x00086c20                STRING_PRODUCT
 .rodata.USB_DeviceDescriptor
                0x00086c2c       0x12 C:\Users\Micha³\AppData\Local\Temp\VMBuilds\driversL298\arduino_due_x_dbg\Debug/core.a(USBCore.cpp.o)
                0x00086c2c                USB_DeviceDescriptor
 .rodata.STRING_LANGUAGE
                0x00086c3e        0x4 C:\Users\Micha³\AppData\Local\Temp\VMBuilds\driversL298\arduino_due_x_dbg\Debug/core.a(USBCore.cpp.o)
                0x00086c3e                STRING_LANGUAGE
 .rodata._ZL18test_packet_buffer
                0x00086c42       0x35 C:\Users\Micha³\AppData\Local\Temp\VMBuilds\driversL298\arduino_due_x_dbg\Debug/core.a(USBCore.cpp.o)
 .rodata.STRING_MANUFACTURER
                0x00086c77        0xc C:\Users\Micha³\AppData\Local\Temp\VMBuilds\driversL298\arduino_due_x_dbg\Debug/core.a(USBCore.cpp.o)
                0x00086c77                STRING_MANUFACTURER
 .rodata.USB_DeviceDescriptorA
                0x00086c83       0x12 C:\Users\Micha³\AppData\Local\Temp\VMBuilds\driversL298\arduino_due_x_dbg\Debug/core.a(USBCore.cpp.o)
                0x00086c83                USB_DeviceDescriptorA
 .rodata._ZL19USB_DeviceQualifier
                0x00086c95        0x9 C:\Users\Micha³\AppData\Local\Temp\VMBuilds\driversL298\arduino_due_x_dbg\Debug/core.a(USBCore.cpp.o)
 *fill*         0x00086c9e        0x2 
 .rodata._ZTV7Serial_
                0x00086ca0       0x28 C:\Users\Micha³\AppData\Local\Temp\VMBuilds\driversL298\arduino_due_x_dbg\Debug/core.a(CDC.cpp.o)
                0x00086ca0                vtable for Serial_
 .rodata._ZL18_cdcOtherInterface
                0x00086cc8       0x42 C:\Users\Micha³\AppData\Local\Temp\VMBuilds\driversL298\arduino_due_x_dbg\Debug/core.a(CDC.cpp.o)
 .rodata._ZL13_cdcInterface
                0x00086d0a       0x42 C:\Users\Micha³\AppData\Local\Temp\VMBuilds\driversL298\arduino_due_x_dbg\Debug/core.a(CDC.cpp.o)
 .rodata        0x00086d4c       0x2c C:\Users\Micha³\AppData\Local\arduino15\packages\arduino\hardware\sam\1.6.9\variants\arduino_due_x/libsam_sam3x8e_gcc_rel.a(pwmc.o)
 .rodata.__func__.6830
                0x00086d78       0x15 C:\Users\Micha³\AppData\Local\arduino15\packages\arduino\hardware\sam\1.6.9\variants\arduino_due_x/libsam_sam3x8e_gcc_rel.a(pwmc.o)
 .rodata.__func__.6841
                0x00086d8d       0x12 C:\Users\Micha³\AppData\Local\arduino15\packages\arduino\hardware\sam\1.6.9\variants\arduino_due_x/libsam_sam3x8e_gcc_rel.a(pwmc.o)
 .rodata.str1.1
                0x00086d9f      0x1cc C:\Users\Micha³\AppData\Local\arduino15\packages\arduino\hardware\sam\1.6.9\variants\arduino_due_x/libsam_sam3x8e_gcc_rel.a(pwmc.o)
 .rodata.__func__.6804
                0x00086f6b       0x16 C:\Users\Micha³\AppData\Local\arduino15\packages\arduino\hardware\sam\1.6.9\variants\arduino_due_x/libsam_sam3x8e_gcc_rel.a(pwmc.o)
 .rodata.__func__.6793
                0x00086f81       0x17 C:\Users\Micha³\AppData\Local\arduino15\packages\arduino\hardware\sam\1.6.9\variants\arduino_due_x/libsam_sam3x8e_gcc_rel.a(pwmc.o)
 .rodata.__func__.6792
                0x00086f98        0xd C:\Users\Micha³\AppData\Local\arduino15\packages\arduino\hardware\sam\1.6.9\variants\arduino_due_x/libsam_sam3x8e_gcc_rel.a(tc.o)
 .rodata.str1.1
                0x00086fa5       0x54 C:\Users\Micha³\AppData\Local\arduino15\packages\arduino\hardware\sam\1.6.9\variants\arduino_due_x/libsam_sam3x8e_gcc_rel.a(tc.o)
 .rodata.__func__.6798
                0x00086ff9        0x9 C:\Users\Micha³\AppData\Local\arduino15\packages\arduino\hardware\sam\1.6.9\variants\arduino_due_x/libsam_sam3x8e_gcc_rel.a(tc.o)
 *fill*         0x00087002        0x2 
 .rodata.str1.4
                0x00087004       0x3f c:/users/micha³/appdata/local/arduino15/packages/arduino/tools/arm-none-eabi-gcc/4.8.3-2014q1/bin/../lib/gcc/arm-none-eabi/4.8.3/../../../../arm-none-eabi/lib/armv7-m\libg.a(lib_a-assert.o)
                                 0x44 (size before relaxing)
 *fill*         0x00087043        0x1 
 .rodata.str1.4
                0x00087044        0x2 c:/users/micha³/appdata/local/arduino15/packages/arduino/tools/arm-none-eabi-gcc/4.8.3-2014q1/bin/../lib/gcc/arm-none-eabi/4.8.3/../../../../arm-none-eabi/lib/armv7-m\libg.a(lib_a-impure.o)
                                  0x4 (size before relaxing)
 *fill*         0x00087046        0x2 
 .rodata._global_impure_ptr
                0x00087048        0x4 c:/users/micha³/appdata/local/arduino15/packages/arduino/tools/arm-none-eabi-gcc/4.8.3-2014q1/bin/../lib/gcc/arm-none-eabi/4.8.3/../../../../arm-none-eabi/lib/armv7-m\libg.a(lib_a-impure.o)
                0x00087048                _global_impure_ptr
 .rodata.blanks.6717
                0x0008704c       0x10 c:/users/micha³/appdata/local/arduino15/packages/arduino/tools/arm-none-eabi-gcc/4.8.3-2014q1/bin/../lib/gcc/arm-none-eabi/4.8.3/../../../../arm-none-eabi/lib/armv7-m\libg.a(lib_a-vfiprintf.o)
 .rodata.str1.4
                0x0008705c       0x30 c:/users/micha³/appdata/local/arduino15/packages/arduino/tools/arm-none-eabi-gcc/4.8.3-2014q1/bin/../lib/gcc/arm-none-eabi/4.8.3/../../../../arm-none-eabi/lib/armv7-m\libg.a(lib_a-vfiprintf.o)
 .rodata.zeroes.6718
                0x0008708c       0x10 c:/users/micha³/appdata/local/arduino15/packages/arduino/tools/arm-none-eabi-gcc/4.8.3-2014q1/bin/../lib/gcc/arm-none-eabi/4.8.3/../../../../arm-none-eabi/lib/armv7-m\libg.a(lib_a-vfiprintf.o)
 *(.ARM.extab* .gnu.linkonce.armextab.*)
                0x0008709c                . = ALIGN (0x4)
 *(.init)
 .init          0x0008709c        0x4 c:/users/micha³/appdata/local/arduino15/packages/arduino/tools/arm-none-eabi-gcc/4.8.3-2014q1/bin/../lib/gcc/arm-none-eabi/4.8.3/armv7-m/crti.o
                0x0008709c                _init
 .init          0x000870a0        0x8 c:/users/micha³/appdata/local/arduino15/packages/arduino/tools/arm-none-eabi-gcc/4.8.3-2014q1/bin/../lib/gcc/arm-none-eabi/4.8.3/armv7-m/crtn.o
                0x000870a8                . = ALIGN (0x4)
                0x000870a8                __preinit_array_start = .
 *(.preinit_array)
                0x000870a8                __preinit_array_end = .
                0x000870a8                . = ALIGN (0x4)
                0x000870a8                __init_array_start = .
 *(SORT(.init_array.*))
 .init_array.00000
                0x000870a8        0x4 c:/users/micha³/appdata/local/arduino15/packages/arduino/tools/arm-none-eabi-gcc/4.8.3-2014q1/bin/../lib/gcc/arm-none-eabi/4.8.3/../../../../arm-none-eabi/lib/armv7-m\libg.a(lib_a-__call_atexit.o)
 *(.init_array)
 .init_array    0x000870ac        0x4 c:/users/micha³/appdata/local/arduino15/packages/arduino/tools/arm-none-eabi-gcc/4.8.3-2014q1/bin/../lib/gcc/arm-none-eabi/4.8.3/armv7-m/crtbegin.o
 .init_array    0x000870b0        0x4 C:\Users\Micha³\AppData\Local\Temp\VMBuilds\driversL298\arduino_due_x_dbg\Debug\driversL298.cpp.o
 .init_array    0x000870b4        0x4 C:\Users\Micha³\AppData\Local\Temp\VMBuilds\driversL298\arduino_due_x_dbg\Debug\sources\fuzzyDriver.cpp.o
 .init_array    0x000870b8        0x4 C:\Users\Micha³\AppData\Local\Temp\VMBuilds\driversL298\arduino_due_x_dbg\Debug\sources\pid.cpp.o
 .init_array    0x000870bc        0x4 C:\Users\Micha³\AppData\Local\Temp\VMBuilds\driversL298\arduino_due_x_dbg\Debug\sources\pidDriver.cpp.o
 .init_array    0x000870c0        0x4 C:\Users\Micha³\AppData\Local\Temp\VMBuilds\driversL298\arduino_due_x_dbg\Debug\variant\variant.cpp.o
 .init_array    0x000870c4        0x4 C:\Users\Micha³\AppData\Local\Temp\VMBuilds\driversL298\arduino_due_x_dbg\Debug/core.a(USBCore.cpp.o)
 .init_array    0x000870c8        0x4 C:\Users\Micha³\AppData\Local\Temp\VMBuilds\driversL298\arduino_due_x_dbg\Debug/core.a(CDC.cpp.o)
                0x000870cc                __init_array_end = .
                0x000870cc                . = ALIGN (0x4)
 *crtbegin.o(.ctors)
 *(EXCLUDE_FILE(*crtend.o) .ctors)
 *(SORT(.ctors.*))
 *crtend.o(.ctors)
                0x000870cc                . = ALIGN (0x4)
 *(.fini)
 .fini          0x000870cc        0x4 c:/users/micha³/appdata/local/arduino15/packages/arduino/tools/arm-none-eabi-gcc/4.8.3-2014q1/bin/../lib/gcc/arm-none-eabi/4.8.3/armv7-m/crti.o
                0x000870cc                _fini
 .fini          0x000870d0        0x8 c:/users/micha³/appdata/local/arduino15/packages/arduino/tools/arm-none-eabi-gcc/4.8.3-2014q1/bin/../lib/gcc/arm-none-eabi/4.8.3/armv7-m/crtn.o
                0x000870d8                . = ALIGN (0x4)
                0x000870d8                __fini_array_start = .
 *(.fini_array)
 .fini_array    0x000870d8        0x4 c:/users/micha³/appdata/local/arduino15/packages/arduino/tools/arm-none-eabi-gcc/4.8.3-2014q1/bin/../lib/gcc/arm-none-eabi/4.8.3/armv7-m/crtbegin.o
 *(SORT(.fini_array.*))
                0x000870dc                __fini_array_end = .
 *crtbegin.o(.dtors)
 *(EXCLUDE_FILE(*crtend.o) .dtors)
 *(SORT(.dtors.*))
 *crtend.o(.dtors)
                0x000870dc                . = ALIGN (0x4)
                0x000870dc                _efixed = .
                0x000870dc                PROVIDE (__exidx_start, .)

.vfp11_veneer   0x000870dc        0x0
 .vfp11_veneer  0x00000000        0x0 linker stubs

.v4_bx          0x000870dc        0x0
 .v4_bx         0x00000000        0x0 linker stubs

.iplt           0x000870dc        0x0
 .iplt          0x00000000        0x0 c:/users/micha³/appdata/local/arduino15/packages/arduino/tools/arm-none-eabi-gcc/4.8.3-2014q1/bin/../lib/gcc/arm-none-eabi/4.8.3/armv7-m/crtbegin.o

.ARM.exidx      0x000870dc        0x8
 *(.ARM.exidx* .gnu.linkonce.armexidx.*)
 .ARM.exidx     0x000870dc        0x8 c:/users/micha³/appdata/local/arduino15/packages/arduino/tools/arm-none-eabi-gcc/4.8.3-2014q1/bin/../lib/gcc/arm-none-eabi/4.8.3/armv7-m\libgcc.a(_divdi3.o)
 .ARM.exidx     0x000870e4        0x0 c:/users/micha³/appdata/local/arduino15/packages/arduino/tools/arm-none-eabi-gcc/4.8.3-2014q1/bin/../lib/gcc/arm-none-eabi/4.8.3/armv7-m\libgcc.a(_udivdi3.o)
                                  0x8 (size before relaxing)
                0x000870e4                PROVIDE (__exidx_end, .)

.eh_frame       0x000870e4        0x0
 .eh_frame      0x000870e4        0x0 c:/users/micha³/appdata/local/arduino15/packages/arduino/tools/arm-none-eabi-gcc/4.8.3-2014q1/bin/../lib/gcc/arm-none-eabi/4.8.3/armv7-m/crtbegin.o

.rel.dyn        0x000870e4        0x0
 .rel.iplt      0x00000000        0x0 c:/users/micha³/appdata/local/arduino15/packages/arduino/tools/arm-none-eabi-gcc/4.8.3-2014q1/bin/../lib/gcc/arm-none-eabi/4.8.3/armv7-m/crtbegin.o

.jcr            0x000870e4        0x0
 .jcr           0x000870e4        0x0 c:/users/micha³/appdata/local/arduino15/packages/arduino/tools/arm-none-eabi-gcc/4.8.3-2014q1/bin/../lib/gcc/arm-none-eabi/4.8.3/armv7-m/crtbegin.o

.igot.plt       0x000870e4        0x0
 .igot.plt      0x00000000        0x0 c:/users/micha³/appdata/local/arduino15/packages/arduino/tools/arm-none-eabi-gcc/4.8.3-2014q1/bin/../lib/gcc/arm-none-eabi/4.8.3/armv7-m/crtbegin.o
                0x000870e4                . = ALIGN (0x4)
                0x000870e4                _etext = .

.relocate       0x20070000      0x8dc load address 0x000870e4
                0x20070000                . = ALIGN (0x4)
                0x20070000                _srelocate = .
 *(.ramfunc .ramfunc.*)
 .ramfunc       0x20070000       0x2c C:\Users\Micha³\AppData\Local\Temp\VMBuilds\driversL298\arduino_due_x_dbg\Debug/core.a(Reset.cpp.o)
                0x20070000                banzai
 *(.data .data.*)
 .data.mode     0x2007002c        0x4 C:\Users\Micha³\AppData\Local\Temp\VMBuilds\driversL298\arduino_due_x_dbg\Debug\driversL298.cpp.o
                0x2007002c                mode
 .data.SystemCoreClock
                0x20070030        0x4 C:\Users\Micha³\AppData\Local\arduino15\packages\arduino\hardware\sam\1.6.9\variants\arduino_due_x/libsam_sam3x8e_gcc_rel.a(system_sam3xa.o)
                0x20070030                SystemCoreClock
 .data._writeResolution
                0x20070034        0x4 C:\Users\Micha³\AppData\Local\Temp\VMBuilds\driversL298\arduino_due_x_dbg\Debug/core.a(wiring_analog.c.o)
 .data._ZL5ticks
                0x20070038        0x4 C:\Users\Micha³\AppData\Local\Temp\VMBuilds\driversL298\arduino_due_x_dbg\Debug/core.a(Reset.cpp.o)
 .data.EndPoints
                0x2007003c       0x28 C:\Users\Micha³\AppData\Local\Temp\VMBuilds\driversL298\arduino_due_x_dbg\Debug/core.a(USBCore.cpp.o)
                0x2007003c                EndPoints
 .data._ZL10breakValue
                0x20070064        0x4 C:\Users\Micha³\AppData\Local\Temp\VMBuilds\driversL298\arduino_due_x_dbg\Debug/core.a(CDC.cpp.o)
 .data._ZL12_usbLineInfo
                0x20070068        0x8 C:\Users\Micha³\AppData\Local\Temp\VMBuilds\driversL298\arduino_due_x_dbg\Debug/core.a(CDC.cpp.o)
 .data.g_interrupt_enabled
                0x20070070        0x4 C:\Users\Micha³\AppData\Local\arduino15\packages\arduino\hardware\sam\1.6.9\variants\arduino_due_x/libsam_sam3x8e_gcc_rel.a(interrupt_sam_nvic.o)
                0x20070070                g_interrupt_enabled
 *fill*         0x20070074        0x4 
 .data.impure_data
                0x20070078      0x428 c:/users/micha³/appdata/local/arduino15/packages/arduino/tools/arm-none-eabi-gcc/4.8.3-2014q1/bin/../lib/gcc/arm-none-eabi/4.8.3/../../../../arm-none-eabi/lib/armv7-m\libg.a(lib_a-impure.o)
 .data._impure_ptr
                0x200704a0        0x4 c:/users/micha³/appdata/local/arduino15/packages/arduino/tools/arm-none-eabi-gcc/4.8.3-2014q1/bin/../lib/gcc/arm-none-eabi/4.8.3/../../../../arm-none-eabi/lib/armv7-m\libg.a(lib_a-impure.o)
                0x200704a0                _impure_ptr
 .data.lc_ctype_charset
                0x200704a4       0x20 c:/users/micha³/appdata/local/arduino15/packages/arduino/tools/arm-none-eabi-gcc/4.8.3-2014q1/bin/../lib/gcc/arm-none-eabi/4.8.3/../../../../arm-none-eabi/lib/armv7-m\libg.a(lib_a-locale.o)
 .data.__mb_cur_max
                0x200704c4        0x4 c:/users/micha³/appdata/local/arduino15/packages/arduino/tools/arm-none-eabi-gcc/4.8.3-2014q1/bin/../lib/gcc/arm-none-eabi/4.8.3/../../../../arm-none-eabi/lib/armv7-m\libg.a(lib_a-locale.o)
                0x200704c4                __mb_cur_max
 .data.__malloc_av_
                0x200704c8      0x408 c:/users/micha³/appdata/local/arduino15/packages/arduino/tools/arm-none-eabi-gcc/4.8.3-2014q1/bin/../lib/gcc/arm-none-eabi/4.8.3/../../../../arm-none-eabi/lib/armv7-m\libg.a(lib_a-mallocr.o)
                0x200704c8                __malloc_av_
 .data.__malloc_trim_threshold
                0x200708d0        0x4 c:/users/micha³/appdata/local/arduino15/packages/arduino/tools/arm-none-eabi-gcc/4.8.3-2014q1/bin/../lib/gcc/arm-none-eabi/4.8.3/../../../../arm-none-eabi/lib/armv7-m\libg.a(lib_a-mallocr.o)
                0x200708d0                __malloc_trim_threshold
 .data.__malloc_sbrk_base
                0x200708d4        0x4 c:/users/micha³/appdata/local/arduino15/packages/arduino/tools/arm-none-eabi-gcc/4.8.3-2014q1/bin/../lib/gcc/arm-none-eabi/4.8.3/../../../../arm-none-eabi/lib/armv7-m\libg.a(lib_a-mallocr.o)
                0x200708d4                __malloc_sbrk_base
 .data.__wctomb
                0x200708d8        0x4 c:/users/micha³/appdata/local/arduino15/packages/arduino/tools/arm-none-eabi-gcc/4.8.3-2014q1/bin/../lib/gcc/arm-none-eabi/4.8.3/../../../../arm-none-eabi/lib/armv7-m\libg.a(lib_a-wctomb_r.o)
                0x200708d8                __wctomb
                0x200708dc                . = ALIGN (0x4)
                0x200708dc                _erelocate = .

.bss            0x200708dc      0xac4 load address 0x000879c0
                0x200708dc                . = ALIGN (0x4)
                0x200708dc                _sbss = .
                0x200708dc                _szero = .
 *(.bss .bss.*)
 .bss           0x200708dc       0x1c c:/users/micha³/appdata/local/arduino15/packages/arduino/tools/arm-none-eabi-gcc/4.8.3-2014q1/bin/../lib/gcc/arm-none-eabi/4.8.3/armv7-m/crtbegin.o
 .bss.previousMillis
                0x200708f8        0x4 C:\Users\Micha³\AppData\Local\Temp\VMBuilds\driversL298\arduino_due_x_dbg\Debug\driversL298.cpp.o
                0x200708f8                previousMillis
 .bss.MainTimer
                0x200708fc        0x8 C:\Users\Micha³\AppData\Local\Temp\VMBuilds\driversL298\arduino_due_x_dbg\Debug\driversL298.cpp.o
                0x200708fc                MainTimer
 .bss.Driver    0x20070904        0x1 C:\Users\Micha³\AppData\Local\Temp\VMBuilds\driversL298\arduino_due_x_dbg\Debug\sources\driver.cpp.o
                0x20070904                Driver
 *fill*         0x20070905        0x3 
 .bss.Encoder   0x20070908        0x4 C:\Users\Micha³\AppData\Local\Temp\VMBuilds\driversL298\arduino_due_x_dbg\Debug\sources\encoder.cpp.o
                0x20070908                Encoder
 .bss.fuzzyDriver
                0x2007090c       0x18 C:\Users\Micha³\AppData\Local\Temp\VMBuilds\driversL298\arduino_due_x_dbg\Debug\sources\fuzzyDriver.cpp.o
                0x2007090c                fuzzyDriver
 *fill*         0x20070924        0x4 
 .bss.pid       0x20070928       0x40 C:\Users\Micha³\AppData\Local\Temp\VMBuilds\driversL298\arduino_due_x_dbg\Debug\sources\pid.cpp.o
                0x20070928                pid
 .bss.pidDriver
                0x20070968       0x1c C:\Users\Micha³\AppData\Local\Temp\VMBuilds\driversL298\arduino_due_x_dbg\Debug\sources\pidDriver.cpp.o
                0x20070968                pidDriver
 .bss.tx_buffer2
                0x20070984       0x88 C:\Users\Micha³\AppData\Local\Temp\VMBuilds\driversL298\arduino_due_x_dbg\Debug\variant\variant.cpp.o
                0x20070984                tx_buffer2
 .bss.tx_buffer1
                0x20070a0c       0x88 C:\Users\Micha³\AppData\Local\Temp\VMBuilds\driversL298\arduino_due_x_dbg\Debug\variant\variant.cpp.o
                0x20070a0c                tx_buffer1
 .bss.Serial    0x20070a94       0x24 C:\Users\Micha³\AppData\Local\Temp\VMBuilds\driversL298\arduino_due_x_dbg\Debug\variant\variant.cpp.o
                0x20070a94                Serial
 .bss.rx_buffer1
                0x20070ab8       0x88 C:\Users\Micha³\AppData\Local\Temp\VMBuilds\driversL298\arduino_due_x_dbg\Debug\variant\variant.cpp.o
                0x20070ab8                rx_buffer1
 .bss.Serial1   0x20070b40       0x28 C:\Users\Micha³\AppData\Local\Temp\VMBuilds\driversL298\arduino_due_x_dbg\Debug\variant\variant.cpp.o
                0x20070b40                Serial1
 .bss.Serial2   0x20070b68       0x28 C:\Users\Micha³\AppData\Local\Temp\VMBuilds\driversL298\arduino_due_x_dbg\Debug\variant\variant.cpp.o
                0x20070b68                Serial2
 .bss.Serial3   0x20070b90       0x28 C:\Users\Micha³\AppData\Local\Temp\VMBuilds\driversL298\arduino_due_x_dbg\Debug\variant\variant.cpp.o
                0x20070b90                Serial3
 .bss.tx_buffer3
                0x20070bb8       0x88 C:\Users\Micha³\AppData\Local\Temp\VMBuilds\driversL298\arduino_due_x_dbg\Debug\variant\variant.cpp.o
                0x20070bb8                tx_buffer3
 .bss.tx_buffer4
                0x20070c40       0x88 C:\Users\Micha³\AppData\Local\Temp\VMBuilds\driversL298\arduino_due_x_dbg\Debug\variant\variant.cpp.o
                0x20070c40                tx_buffer4
 .bss.g_pinStatus
                0x20070cc8       0x4f C:\Users\Micha³\AppData\Local\Temp\VMBuilds\driversL298\arduino_due_x_dbg\Debug\variant\variant.cpp.o
                0x20070cc8                g_pinStatus
 *fill*         0x20070d17        0x1 
 .bss.rx_buffer2
                0x20070d18       0x88 C:\Users\Micha³\AppData\Local\Temp\VMBuilds\driversL298\arduino_due_x_dbg\Debug\variant\variant.cpp.o
                0x20070d18                rx_buffer2
 .bss.rx_buffer3
                0x20070da0       0x88 C:\Users\Micha³\AppData\Local\Temp\VMBuilds\driversL298\arduino_due_x_dbg\Debug\variant\variant.cpp.o
                0x20070da0                rx_buffer3
 .bss.rx_buffer4
                0x20070e28       0x88 C:\Users\Micha³\AppData\Local\Temp\VMBuilds\driversL298\arduino_due_x_dbg\Debug\variant\variant.cpp.o
                0x20070e28                rx_buffer4
 .bss.gpf_isr   0x20070eb0        0x4 C:\Users\Micha³\AppData\Local\arduino15\packages\arduino\hardware\sam\1.6.9\variants\arduino_due_x/libsam_sam3x8e_gcc_rel.a(uotghs.o)
                0x20070eb0                gpf_isr
 .bss.heap.6420
                0x20070eb4        0x4 C:\Users\Micha³\AppData\Local\Temp\VMBuilds\driversL298\arduino_due_x_dbg\Debug/core.a(syscalls_sam3.c.o)
 .bss.enabled.9380
                0x20070eb8        0x4 C:\Users\Micha³\AppData\Local\Temp\VMBuilds\driversL298\arduino_due_x_dbg\Debug/core.a(WInterrupts.c.o)
 .bss.callbacksPioA
                0x20070ebc       0x80 C:\Users\Micha³\AppData\Local\Temp\VMBuilds\driversL298\arduino_due_x_dbg\Debug/core.a(WInterrupts.c.o)